Archive member included to satisfy reference by file (symbol)

./lib/v7e-m/fpv4-sp/hard/libc.a(lib_a-memcpy.o)
                              out/objects/queue.o (memcpy)
./lib/v7e-m/fpv4-sp/hard/libc.a(lib_a-memset.o)
                              out/objects/tasks.o (memset)
./lib/v7e-m/fpv4-sp/hard/libc.a(lib_a-puts.o)
                              out/objects/main.o (puts)
./lib/v7e-m/fpv4-sp/hard/libc.a(lib_a-reent.o)
                              out/objects/syscalls.o (errno)
./lib/v7e-m/fpv4-sp/hard/libc.a(lib_a-sprintf.o)
                              out/objects/tasks.o (sprintf)
./lib/v7e-m/fpv4-sp/hard/libc.a(lib_a-strcpy.o)
                              out/objects/tasks.o (strcpy)
./lib/v7e-m/fpv4-sp/hard/libc.a(lib_a-strlen.o)
                              out/objects/tasks.o (strlen)
./lib/v7e-m/fpv4-sp/hard/libc.a(lib_a-svfprintf.o)
                              ./lib/v7e-m/fpv4-sp/hard/libc.a(lib_a-sprintf.o) (_svfprintf_r)
./lib/v7e-m/fpv4-sp/hard/libc.a(lib_a-dtoa.o)
                              ./lib/v7e-m/fpv4-sp/hard/libc.a(lib_a-svfprintf.o) (_dtoa_r)
./lib/v7e-m/fpv4-sp/hard/libc.a(lib_a-findfp.o)
                              ./lib/v7e-m/fpv4-sp/hard/libc.a(lib_a-puts.o) (__sinit)
./lib/v7e-m/fpv4-sp/hard/libc.a(lib_a-freer.o)
                              ./lib/v7e-m/fpv4-sp/hard/libc.a(lib_a-reent.o) (_free_r)
./lib/v7e-m/fpv4-sp/hard/libc.a(lib_a-fvwrite.o)
                              ./lib/v7e-m/fpv4-sp/hard/libc.a(lib_a-puts.o) (__sfvwrite_r)
./lib/v7e-m/fpv4-sp/hard/libc.a(lib_a-fwalk.o)
                              ./lib/v7e-m/fpv4-sp/hard/libc.a(lib_a-findfp.o) (_fwalk)
./lib/v7e-m/fpv4-sp/hard/libc.a(lib_a-impure.o)
                              ./lib/v7e-m/fpv4-sp/hard/libc.a(lib_a-findfp.o) (_global_impure_ptr)
./lib/v7e-m/fpv4-sp/hard/libc.a(lib_a-localeconv.o)
                              ./lib/v7e-m/fpv4-sp/hard/libc.a(lib_a-svfprintf.o) (_localeconv_r)
./lib/v7e-m/fpv4-sp/hard/libc.a(lib_a-lock.o)
                              ./lib/v7e-m/fpv4-sp/hard/libc.a(lib_a-findfp.o) (__retarget_lock_init_recursive)
./lib/v7e-m/fpv4-sp/hard/libc.a(lib_a-mallocr.o)
                              ./lib/v7e-m/fpv4-sp/hard/libc.a(lib_a-svfprintf.o) (_malloc_r)
./lib/v7e-m/fpv4-sp/hard/libc.a(lib_a-memchr.o)
                              ./lib/v7e-m/fpv4-sp/hard/libc.a(lib_a-svfprintf.o) (memchr)
./lib/v7e-m/fpv4-sp/hard/libc.a(lib_a-memmove.o)
                              ./lib/v7e-m/fpv4-sp/hard/libc.a(lib_a-fvwrite.o) (memmove)
./lib/v7e-m/fpv4-sp/hard/libc.a(lib_a-mlock.o)
                              ./lib/v7e-m/fpv4-sp/hard/libc.a(lib_a-freer.o) (__malloc_lock)
./lib/v7e-m/fpv4-sp/hard/libc.a(lib_a-mprec.o)
                              ./lib/v7e-m/fpv4-sp/hard/libc.a(lib_a-dtoa.o) (_Balloc)
./lib/v7e-m/fpv4-sp/hard/libc.a(lib_a-reallocr.o)
                              ./lib/v7e-m/fpv4-sp/hard/libc.a(lib_a-fvwrite.o) (_realloc_r)
./lib/v7e-m/fpv4-sp/hard/libc.a(lib_a-stdio.o)
                              ./lib/v7e-m/fpv4-sp/hard/libc.a(lib_a-findfp.o) (__sread)
./lib/v7e-m/fpv4-sp/hard/libc.a(lib_a-svfiprintf.o)
                              ./lib/v7e-m/fpv4-sp/hard/libc.a(lib_a-svfprintf.o) (__ssprint_r)
./lib/v7e-m/fpv4-sp/hard/libc.a(lib_a-writer.o)
                              ./lib/v7e-m/fpv4-sp/hard/libc.a(lib_a-stdio.o) (_write_r)
./lib/v7e-m/fpv4-sp/hard/libc.a(lib_a-wsetup.o)
                              ./lib/v7e-m/fpv4-sp/hard/libc.a(lib_a-fvwrite.o) (__swsetup_r)
./lib/v7e-m/fpv4-sp/hard/libc.a(lib_a-callocr.o)
                              ./lib/v7e-m/fpv4-sp/hard/libc.a(lib_a-mprec.o) (_calloc_r)
./lib/v7e-m/fpv4-sp/hard/libc.a(lib_a-closer.o)
                              ./lib/v7e-m/fpv4-sp/hard/libc.a(lib_a-stdio.o) (_close_r)
./lib/v7e-m/fpv4-sp/hard/libc.a(lib_a-fclose.o)
                              ./lib/v7e-m/fpv4-sp/hard/libc.a(lib_a-findfp.o) (_fclose_r)
./lib/v7e-m/fpv4-sp/hard/libc.a(lib_a-fflush.o)
                              ./lib/v7e-m/fpv4-sp/hard/libc.a(lib_a-fclose.o) (__sflush_r)
./lib/v7e-m/fpv4-sp/hard/libc.a(lib_a-locale.o)
                              ./lib/v7e-m/fpv4-sp/hard/libc.a(lib_a-localeconv.o) (__global_locale)
./lib/v7e-m/fpv4-sp/hard/libc.a(lib_a-lseekr.o)
                              ./lib/v7e-m/fpv4-sp/hard/libc.a(lib_a-stdio.o) (_lseek_r)
./lib/v7e-m/fpv4-sp/hard/libc.a(lib_a-makebuf.o)
                              ./lib/v7e-m/fpv4-sp/hard/libc.a(lib_a-wsetup.o) (__smakebuf_r)
./lib/v7e-m/fpv4-sp/hard/libc.a(lib_a-mbtowc_r.o)
                              ./lib/v7e-m/fpv4-sp/hard/libc.a(lib_a-locale.o) (__ascii_mbtowc)
./lib/v7e-m/fpv4-sp/hard/libc.a(lib_a-readr.o)
                              ./lib/v7e-m/fpv4-sp/hard/libc.a(lib_a-stdio.o) (_read_r)
./lib/v7e-m/fpv4-sp/hard/libc.a(lib_a-strcmp.o)
                              ./lib/v7e-m/fpv4-sp/hard/libc.a(lib_a-locale.o) (strcmp)
./lib/v7e-m/fpv4-sp/hard/libc.a(lib_a-wctomb_r.o)
[...]
Memory Configuration

Name             Origin             Length             Attributes
FLASH            0x0000000008000000 0x0000000000200000 xr
RAM              0x0000000020000000 0x0000000000030000 xrw
CCMRAM           0x0000000010000000 0x0000000000010000 rw
*default*        0x0000000000000000 0xffffffffffffffff

Linker script and memory map

LOAD out/objects/syscalls.o
LOAD out/objects/main.o
LOAD out/objects/event_groups.o
LOAD out/objects/list.o
LOAD out/objects/queue.o
LOAD out/objects/tasks.o
LOAD out/objects/timers.o
LOAD out/objects/port.o
LOAD out/objects/heap_4.o
LOAD out/objects/stm32f4xx_hal_spi.o
LOAD out/objects/stm32f4xx_hal_ltdc.o
LOAD out/objects/stm32f4xx_hal_flash_ramfunc.o
LOAD out/objects/stm32f4xx_hal_rcc_ex.o
LOAD out/objects/stm32f4xx_hal_dma2d.o
LOAD out/objects/stm32f4xx_ll_rtc.o
LOAD out/objects/stm32f4xx_ll_pwr.o
LOAD out/objects/stm32f4xx_hal_i2s.o
LOAD out/objects/stm32f4xx_hal_mmc.o
LOAD out/objects/stm32f4xx_hal_gpio.o
LOAD out/objects/stm32f4xx_ll_i2c.o
LOAD out/objects/stm32f4xx_hal_smartcard.o
LOAD out/objects/stm32f4xx_hal_fmpi2c.o
LOAD out/objects/stm32f4xx_hal_uart.o
LOAD out/objects/stm32f4xx_hal_sai.o
LOAD out/objects/stm32f4xx_hal_cryp_ex.o
LOAD out/objects/stm32f4xx_hal_hash.o
LOAD out/objects/stm32f4xx_ll_dac.o
LOAD out/objects/stm32f4xx_ll_rcc.o
LOAD out/objects/stm32f4xx_hal_sd.o
LOAD out/objects/stm32f4xx_hal_iwdg.o
LOAD out/objects/stm32f4xx_hal_usart.o
LOAD out/objects/stm32f4xx_hal_dfsdm.o
LOAD out/objects/stm32f4xx_hal_tim_ex.o
LOAD out/objects/stm32f4xx_hal_i2c_ex.o
LOAD out/objects/stm32f4xx_ll_tim.o
LOAD out/objects/stm32f4xx_hal_dma.o
LOAD out/objects/stm32f4xx_hal_dsi.o
LOAD out/objects/stm32f4xx_hal_pcd_ex.o
LOAD out/objects/stm32f4xx_ll_crc.o
LOAD out/objects/stm32f4xx_hal_cec.o
LOAD out/objects/stm32f4xx_ll_usart.o
LOAD out/objects/stm32f4xx_hal_fmpi2c_ex.o
LOAD out/objects/stm32f4xx_hal_dac.o
LOAD out/objects/stm32f4xx_hal_spdifrx.o
LOAD out/objects/stm32f4xx_hal_can.o
LOAD out/objects/stm32f4xx_hal_rtc.o
LOAD out/objects/stm32f4xx_hal_pwr.o
LOAD out/objects/stm32f4xx_hal_nor.o
LOAD out/objects/stm32f4xx_hal_qspi.o
LOAD out/objects/stm32f4xx_hal_adc_ex.o
LOAD out/objects/stm32f4xx_ll_utils.o
LOAD out/objects/stm32f4xx_hal_i2c.o
LOAD out/objects/stm32f4xx_ll_lptim.o
LOAD out/objects/stm32f4xx_hal_adc.o
LOAD out/objects/stm32f4xx_hal_flash_ex.o
LOAD out/objects/stm32f4xx_hal_eth.o
LOAD out/objects/stm32f4xx_ll_rng.o
LOAD out/objects/stm32f4xx_hal_tim.o
LOAD out/objects/stm32f4xx_hal_dma_ex.o
LOAD out/objects/stm32f4xx_hal_hash_ex.o
LOAD out/objects/stm32f4xx_hal_sram.o
LOAD out/objects/stm32f4xx_hal_dac_ex.o
LOAD out/objects/stm32f4xx_hal_sai_ex.o
LOAD out/objects/stm32f4xx_hal_rcc.o
LOAD out/objects/stm32f4xx_hal_wwdg.o
LOAD out/objects/stm32f4xx_hal_pwr_ex.o
LOAD out/objects/stm32f4xx_hal_flash.o
LOAD out/objects/stm32f4xx_hal_rtc_ex.o
LOAD out/objects/stm32f4xx_ll_adc.o
LOAD out/objects/stm32f4xx_hal_dcmi.o
LOAD out/objects/stm32f4xx_hal_sdram.o
LOAD out/objects/stm32f4xx_ll_spi.o
LOAD out/objects/stm32f4xx_hal_crc.o
LOAD out/objects/stm32f4xx_ll_gpio.o
LOAD out/objects/stm32f4xx_hal_i2s_ex.o
LOAD out/objects/stm32f4xx_hal_lptim.o
LOAD out/objects/stm32f4xx_hal_hcd.o
LOAD out/objects/stm32f4xx_ll_exti.o
LOAD out/objects/stm32f4xx_hal_pcd.o
LOAD out/objects/stm32f4xx_ll_fmc.o
LOAD out/objects/stm32f4xx_hal_irda.o
LOAD out/objects/stm32f4xx_hal_pccard.o
LOAD out/objects/stm32f4xx_ll_fsmc.o
LOAD out/objects/stm32f4xx_ll_sdmmc.o
LOAD out/objects/stm32f4xx_hal_cortex.o
LOAD out/objects/stm32f4xx_ll_usb.o
LOAD out/objects/stm32f4xx_hal.o
LOAD out/objects/stm32f4xx_hal_dcmi_ex.o
LOAD out/objects/stm32f4xx_hal_ltdc_ex.o
LOAD out/objects/stm32f4xx_ll_dma2d.o
LOAD out/objects/stm32f4xx_hal_cryp.o
LOAD out/objects/stm32f4xx_hal_rng.o
LOAD out/objects/stm32f4xx_hal_nand.o
LOAD out/objects/stm32f4xx_ll_dma.o
LOAD out/objects/stm32f4xx_hal_msp.o
LOAD out/objects/stm32f4xx_it.o
LOAD out/objects/system_stm32f4xx.o
LOAD out/objects/stm32f429i_discovery_ts.o
LOAD out/objects/stm32f429i_discovery_eeprom.o
LOAD out/objects/stm32f429i_discovery_gyroscope.o
LOAD out/objects/stm32f429i_discovery_sdram.o
LOAD out/objects/stm32f429i_discovery_lcd.o
LOAD out/objects/stm32f429i_discovery.o
LOAD out/objects/stm32f429i_discovery_io.o
LOAD out/objects/startup_stm32f429_439xx.o
LOAD ./lib/v7e-m/fpv4-sp/hard/libc.a
LOAD ./lib/v7e-m/fpv4-sp/hard/libg.a
LOAD ./lib/arm-none-eabi/6.3.1/thumb/v7e-m/fpv4-sp/hard/libgcc.a
                0x0000000020030000                _estack = 0x20030000
                0x0000000000000200                _Min_Heap_Size = 0x200
                0x0000000000000400                _Min_Stack_Size = 0x400

.isr_vector     0x0000000008000000      0x1ac
                0x0000000008000000                . = ALIGN (0x4)
 *(.isr_vector)
 .isr_vector    0x0000000008000000      0x1ac out/objects/startup_stm32f429_439xx.o
                0x0000000008000000                g_pfnVectors
                0x00000000080001ac                . = ALIGN (0x4)

.text           0x00000000080001c0    0x16b38
                0x00000000080001c0                . = ALIGN (0x4)
 *(.text)
 .text          0x00000000080001c0      0x278 out/objects/syscalls.o
                0x00000000080001c0                __io_putchar
                0x00000000080001e4                __io_getchar
                0x00000000080001f4                _close
                0x000000000800020c                _stat
                0x000000000800022c                _fstat
                0x000000000800024c                _isatty
                0x0000000008000262                _lseek
                0x000000000800027c                _open
                0x0000000008000298                _read
                0x00000000080002b2                _write
                0x00000000080002dc                _sbrk_r
                0x0000000008000334                _execve
                0x000000000800035c                _fork
                0x0000000008000378                _getpid
                0x0000000008000388                _kill
                0x00000000080003ac                _wait
                0x00000000080003d0                _exit
                0x00000000080003f0                _link
                0x0000000008000414                _unlink
 .text          0x0000000008000438      0x250 out/objects/main.o
                0x0000000008000438                vApplicationTickHook
                0x0000000008000460                main
                0x0000000008000620                HAL_UART_ErrorCallback
 .text          0x0000000008000688      0x168 out/objects/list.o
                0x0000000008000688                vListInitialise
                0x00000000080006c8                vListInitialiseItem
                0x00000000080006e2                vListInsertEnd
                0x000000000800072a                vListInsert
                0x000000000800079c                uxListRemove
 .text          0x00000000080007f0      0xfdc out/objects/queue.o
                0x00000000080007f0                xQueueGenericReset
                0x00000000080008c0                xQueueGenericCreate
                0x0000000008000972                xQueueCreateMutex
                0x00000000080009f6                xQueueGiveMutexRecursive
                0x0000000008000a5c                xQueueTakeMutexRecursive
                0x0000000008000aca                xQueueCreateCountingSemaphore
                0x0000000008000b46                xQueueGenericSend
                0x0000000008000d2c                xQueueGenericSendFromISR
                0x0000000008000e44                xQueueGiveFromISR
                0x0000000008000f44                xQueueGenericReceive
                0x000000000800114c                xQueueReceiveFromISR
                0x0000000008001234                xQueuePeekFromISR
                0x00000000080012fe                uxQueueMessagesWaiting
                0x0000000008001338                uxQueueSpacesAvailable
                0x000000000800137c                uxQueueMessagesWaitingFromISR
                0x00000000080013b2                vQueueDelete
                0x00000000080013ec                uxQueueGetQueueNumber
                0x0000000008001404                vQueueSetQueueNumber
                0x0000000008001420                ucQueueGetQueueType
                0x0000000008001620                xQueueIsQueueEmptyFromISR
                0x0000000008001692                xQueueIsQueueFullFromISR
                0x00000000080016d8                vQueueAddToRegistry
                0x0000000008001728                vQueueUnregisterQueue
                0x0000000008001770                vQueueWaitForMessageRestricted
 .text          0x00000000080017cc     0x229c out/objects/tasks.o
                0x00000000080017cc                xTaskGenericCreate
                0x000000000800196c                vTaskDelete
                0x0000000008001a74                vTaskDelayUntil
                0x0000000008001b94                vTaskDelay
                0x0000000008001c38                uxTaskPriorityGet
                0x0000000008001c6c                uxTaskPriorityGetFromISR
                0x0000000008001cc4                vTaskPrioritySet
                0x0000000008001e20                vTaskSuspend
                0x0000000008001fa4                vTaskResume
                0x000000000800205c                xTaskResumeFromISR
                0x000000000800213c                vTaskStartScheduler
                0x00000000080021d4                vTaskEndScheduler
                0x0000000008002204                vTaskSuspendAll
                0x0000000008002220                xTaskResumeAll
                0x0000000008002348                xTaskGetTickCount
                0x0000000008002368                xTaskGetTickCountFromISR
                0x000000000800238c                uxTaskGetNumberOfTasks
                0x00000000080023a4                pcTaskGetTaskName
                0x00000000080023ec                uxTaskGetSystemState
                0x00000000080024e0                xTaskIncrementTick
                0x000000000800266c                vTaskSwitchContext
                0x0000000008002720                vTaskPlaceOnEventList
                0x00000000080027bc                vTaskPlaceOnUnorderedEventList
                0x0000000008002888                vTaskPlaceOnEventListRestricted
                0x0000000008002924                xTaskRemoveFromEventList
                0x00000000080029e8                xTaskRemoveFromUnorderedEventList
                0x0000000008002ab4                vTaskSetTimeOutState
                0x0000000008002afc                xTaskCheckForTimeOut
                0x0000000008002bb8                vTaskMissedYield
                0x0000000008002bd0                uxTaskGetTaskNumber
                0x0000000008002bfc                vTaskSetTaskNumber
                0x0000000008003060                xTaskGetCurrentTaskHandle
                0x0000000008003080                xTaskGetSchedulerState
                0x00000000080030bc                vTaskPriorityInherit
                0x00000000080031a8                xTaskPriorityDisinherit
                0x00000000080032fa                vTaskList
                0x00000000080033f8                uxTaskResetEventItemValue
                0x0000000008003428                pvTaskIncrementMutexHeldCount
                0x0000000008003450                ulTaskNotifyTake
                0x0000000008003538                xTaskNotifyWait
                0x0000000008003644                xTaskGenericNotify
                0x0000000008003784                xTaskGenericNotifyFromISR
                0x0000000008003904                vTaskNotifyGiveFromISR
                0x0000000008003a18                xTaskNotifyStateClear
 .text          0x0000000008003a68      0x730 out/objects/timers.o
                0x0000000008003a68                xTimerCreateTimerTask
                0x0000000008003ad0                xTimerCreate
                0x0000000008003b48                xTimerGenericCommand
                0x0000000008003be0                pcTimerGetTimerName
                0x00000000080040d4                xTimerIsTimerActive
                0x000000000800411c                pvTimerGetTimerID
                0x000000000800415a                vTimerSetTimerID
 .text          0x0000000008004198      0x44c out/objects/port.o
                0x0000000008004198                pxPortInitialiseStack
                0x0000000008004238                SVC_Handler
                0x0000000008004276                xPortStartScheduler
                0x0000000008004390                vPortEndScheduler
                0x00000000080043c4                vPortEnterCritical
                0x0000000008004420                vPortExitCritical
                0x0000000008004470                PendSV_Handler
                0x00000000080044d2                SysTick_Handler
                0x0000000008004518                vPortSetupTimerInterrupt
                0x0000000008004560                vPortValidateInterruptPriority
 .text          0x00000000080045e4      0x3ec out/objects/heap_4.o
                0x00000000080045e4                pvPortMalloc
                0x0000000008004768                vPortFree
                0x0000000008004818                xPortGetFreeHeapSize
                0x0000000008004830                xPortGetMinimumEverFreeHeapSize
                0x0000000008004848                vPortInitialiseBlocks
 .text          0x00000000080049d0     0x2800 out/objects/stm32f4xx_hal_spi.o
                0x00000000080049d0                HAL_SPI_Init
                0x0000000008004aa6                HAL_SPI_DeInit
                0x0000000008004af6                HAL_SPI_MspInit
                0x0000000008004b0a                HAL_SPI_MspDeInit
                0x0000000008004b1e                HAL_SPI_Transmit
                0x0000000008004dde                HAL_SPI_Receive
                0x00000000080050f0                HAL_SPI_TransmitReceive
                0x0000000008005514                HAL_SPI_Transmit_IT
                0x0000000008005660                HAL_SPI_Receive_IT
                0x00000000080057b8                HAL_SPI_TransmitReceive_IT
                0x0000000008005918                HAL_SPI_Transmit_DMA
                0x0000000008005a80                HAL_SPI_Receive_DMA
                0x0000000008005c0c                HAL_SPI_TransmitReceive_DMA
                0x0000000008005e08                HAL_SPI_Abort
                0x0000000008005f5c                HAL_SPI_Abort_IT
                0x0000000008006128                HAL_SPI_DMAPause
                0x000000000800616c                HAL_SPI_DMAResume
                0x00000000080061b0                HAL_SPI_DMAStop
                0x00000000080061fe                HAL_SPI_IRQHandler
                0x00000000080063ac                HAL_SPI_TxCpltCallback
                0x00000000080063c0                HAL_SPI_RxCpltCallback
                0x00000000080063d4                HAL_SPI_TxRxCpltCallback
                0x00000000080063e8                HAL_SPI_TxHalfCpltCallback
                0x00000000080063fc                HAL_SPI_RxHalfCpltCallback
                0x0000000008006410                HAL_SPI_TxRxHalfCpltCallback
                0x0000000008006424                HAL_SPI_ErrorCallback
                0x0000000008006438                HAL_SPI_AbortCpltCallback
                0x000000000800644c                HAL_SPI_GetState
                0x0000000008006468                HAL_SPI_GetError
 .text          0x00000000080071d0      0x688 out/objects/stm32f4xx_hal_gpio.o
                0x00000000080071d0                HAL_GPIO_Init
                0x0000000008007524                HAL_GPIO_DeInit
                0x0000000008007738                HAL_GPIO_ReadPin
                0x0000000008007768                HAL_GPIO_WritePin
                0x000000000800779a                HAL_GPIO_TogglePin
                0x00000000080077be                HAL_GPIO_LockPin
                0x000000000800780e                HAL_GPIO_EXTI_IRQHandler
                0x0000000008007840                HAL_GPIO_EXTI_Callback
 .text          0x0000000008007858     0x1da8 out/objects/stm32f4xx_hal_uart.o
                0x0000000008007858                HAL_UART_Init
                0x00000000080078f2                HAL_HalfDuplex_Init
                0x000000000800799c                HAL_LIN_Init
                0x0000000008007a68                HAL_MultiProcessor_Init
                0x0000000008007b48                HAL_UART_DeInit
                0x0000000008007bb8                HAL_UART_Transmit
                0x0000000008007cea                HAL_UART_Receive
                0x0000000008007e36                HAL_UART_Transmit_IT
                0x0000000008007ec0                HAL_UART_Receive_IT
                0x0000000008007f5a                HAL_UART_Transmit_DMA
                0x0000000008008034                HAL_UART_Receive_DMA
                0x0000000008008134                HAL_UART_DMAPause
                0x00000000080081fc                HAL_UART_DMAResume
                0x000000000800829e                HAL_UART_DMAStop
                0x0000000008008354                HAL_UART_Abort
                0x0000000008008418                HAL_UART_AbortTransmit
                0x0000000008008480                HAL_UART_AbortReceive
                0x00000000080084f8                HAL_UART_Abort_IT
                0x0000000008008640                HAL_UART_AbortTransmit_IT
                0x00000000080086e0                HAL_UART_AbortReceive_IT
                0x0000000008008790                HAL_UART_IRQHandler
                0x0000000008008988                HAL_UART_TxCpltCallback
                0x000000000800899c                HAL_UART_TxHalfCpltCallback
                0x00000000080089b0                HAL_UART_RxCpltCallback
                0x00000000080089c4                HAL_UART_RxHalfCpltCallback
                0x00000000080089ec                HAL_UART_AbortCpltCallback
                0x0000000008008a00                HAL_UART_AbortTransmitCpltCallback
                0x0000000008008a14                HAL_UART_AbortReceiveCpltCallback
                0x0000000008008a28                HAL_LIN_SendBreak
                0x0000000008008a7c                HAL_MultiProcessor_EnterMuteMode
                0x0000000008008ad0                HAL_MultiProcessor_ExitMuteMode
                0x0000000008008b24                HAL_HalfDuplex_EnableTransmitter
                0x0000000008008b8c                HAL_HalfDuplex_EnableReceiver
                0x0000000008008bf4                HAL_UART_GetState
                0x0000000008008c30                HAL_UART_GetError
 .text          0x0000000008009600      0xc88 out/objects/stm32f4xx_hal_dma.o
                0x0000000008009600                HAL_DMA_Init
                0x000000000800975c                HAL_DMA_DeInit
                0x00000000080097f4                HAL_DMA_Start
                0x000000000800986a                HAL_DMA_Start_IT
                0x000000000800992a                HAL_DMA_Abort
                0x0000000008009a0a                HAL_DMA_Abort_IT
                0x0000000008009a4e                HAL_DMA_PollForTransfer
                0x0000000008009c0c                HAL_DMA_IRQHandler
                0x0000000008009f1e                HAL_DMA_RegisterCallback
                0x0000000008009fc6                HAL_DMA_UnRegisterCallback
                0x000000000800a098                HAL_DMA_GetState
                0x000000000800a0b4                HAL_DMA_GetError
 .text          0x000000000800a288     0x4e30 out/objects/stm32f4xx_hal_i2c.o
                0x000000000800a288                HAL_I2C_Init
                0x000000000800a448                HAL_I2C_DeInit
                0x000000000800a4a6                HAL_I2C_MspInit
                0x000000000800a4ba                HAL_I2C_MspDeInit
                0x000000000800a4ce                HAL_I2C_Master_Transmit
                0x000000000800a6e8                HAL_I2C_Master_Receive
                0x000000000800ab4c                HAL_I2C_Slave_Transmit
                0x000000000800ad80                HAL_I2C_Slave_Receive
                0x000000000800afa4                HAL_I2C_Master_Transmit_IT
                0x000000000800b0d8                HAL_I2C_Master_Receive_IT
                0x000000000800b21c                HAL_I2C_Master_Sequential_Transmit_IT
                0x000000000800b38c                HAL_I2C_Master_Sequential_Receive_IT
                0x000000000800b528                HAL_I2C_Slave_Transmit_IT
                0x000000000800b660                HAL_I2C_Slave_Receive_IT
                0x000000000800b794                HAL_I2C_Slave_Sequential_Transmit_IT
                0x000000000800b876                HAL_I2C_Slave_Sequential_Receive_IT
                0x000000000800b958                HAL_I2C_EnableListen_IT
                0x000000000800b9c4                HAL_I2C_DisableListen_IT
                0x000000000800ba3a                HAL_I2C_Master_Transmit_DMA
                0x000000000800bc20                HAL_I2C_Master_Receive_DMA
                0x000000000800be04                HAL_I2C_Master_Abort_IT
                0x000000000800be92                HAL_I2C_Slave_Transmit_DMA
                0x000000000800c028                HAL_I2C_Slave_Receive_DMA
                0x000000000800c1c0                HAL_I2C_Mem_Write
                0x000000000800c3d4                HAL_I2C_Mem_Read
                0x000000000800c838                HAL_I2C_Mem_Write_IT
                0x000000000800c980                HAL_I2C_Mem_Read_IT
                0x000000000800cae0                HAL_I2C_Mem_Write_DMA
                0x000000000800ccc4                HAL_I2C_Mem_Read_DMA
                0x000000000800cf48                HAL_I2C_IsDeviceReady
                0x000000000800d1a8                HAL_I2C_EV_IRQHandler
                0x000000000800d3b0                HAL_I2C_ER_IRQHandler
                0x000000000800d504                HAL_I2C_MasterTxCpltCallback
                0x000000000800d518                HAL_I2C_MasterRxCpltCallback
                0x000000000800d52c                HAL_I2C_SlaveTxCpltCallback
                0x000000000800d540                HAL_I2C_SlaveRxCpltCallback
                0x000000000800d554                HAL_I2C_AddrCallback
                0x000000000800d570                HAL_I2C_ListenCpltCallback
                0x000000000800d584                HAL_I2C_MemTxCpltCallback
                0x000000000800d598                HAL_I2C_MemRxCpltCallback
                0x000000000800d5ac                HAL_I2C_ErrorCallback
                0x000000000800d5c0                HAL_I2C_AbortCpltCallback
                0x000000000800d5d4                HAL_I2C_GetState
                0x000000000800d5f0                HAL_I2C_GetMode
                0x000000000800d60c                HAL_I2C_GetError
 .text          0x000000000800f0b8      0xb00 out/objects/stm32f4xx_hal_rcc.o
                0x000000000800f0c8                HAL_RCC_OscConfig
                0x000000000800f518                HAL_RCC_ClockConfig
                0x000000000800f6dc                HAL_RCC_MCOConfig
                0x000000000800f7ac                HAL_RCC_EnableCSS
                0x000000000800f7c4                HAL_RCC_DisableCSS
                0x000000000800f7dc                HAL_RCC_GetSysClockFreq
                0x000000000800f98c                HAL_RCC_GetHCLKFreq
                0x000000000800f9a4                HAL_RCC_GetPCLK1Freq
                0x000000000800f9cc                HAL_RCC_GetPCLK2Freq
                0x000000000800f9f4                HAL_RCC_GetOscConfig
                0x000000000800fb1c                HAL_RCC_GetClockConfig
                0x000000000800fb80                HAL_RCC_NMI_IRQHandler
                0x000000000800fba8                HAL_RCC_CSSCallback
 .text          0x000000000800fbb8      0x3bc out/objects/stm32f4xx_hal_pwr_ex.o
                0x000000000800fbb8                HAL_PWREx_EnableBkUpReg
                0x000000000800fc04                HAL_PWREx_DisableBkUpReg
                0x000000000800fc50                HAL_PWREx_EnableFlashPowerDown
                0x000000000800fc68                HAL_PWREx_DisableFlashPowerDown
                0x000000000800fc80                HAL_PWREx_GetVoltageRange
                0x000000000800fc9c                HAL_PWREx_ControlVoltageScaling
                0x000000000800fd90                HAL_PWREx_EnableOverDrive
                0x000000000800fe30                HAL_PWREx_DisableOverDrive
                0x000000000800fed0                HAL_PWREx_EnterUnderDriveSTOPMode
 .text          0x000000000800ff74      0x628 out/objects/stm32f4xx_hal_cortex.o
                0x00000000080102fc                HAL_NVIC_SetPriorityGrouping
                0x0000000008010312                HAL_NVIC_SetPriority
                0x000000000801034a                HAL_NVIC_EnableIRQ
                0x0000000008010366                HAL_NVIC_DisableIRQ
                0x0000000008010382                HAL_NVIC_SystemReset
                0x000000000801038e                HAL_SYSTICK_Config
                0x00000000080103a6                HAL_MPU_Disable
                0x00000000080103d4                HAL_MPU_Enable
                0x0000000008010410                HAL_MPU_ConfigRegion
                0x0000000008010498                HAL_NVIC_GetPriorityGrouping
                0x00000000080104a6                HAL_NVIC_GetPriority
                0x00000000080104d2                HAL_NVIC_SetPendingIRQ
                0x00000000080104ee                HAL_NVIC_GetPendingIRQ
                0x000000000801050c                HAL_NVIC_ClearPendingIRQ
                0x0000000008010528                HAL_NVIC_GetActive
                0x0000000008010546                HAL_SYSTICK_CLKSourceConfig
                0x0000000008010580                HAL_SYSTICK_IRQHandler
                0x000000000801058c                HAL_SYSTICK_Callback
 .text          0x000000000801059c      0x338 out/objects/stm32f4xx_hal.o
                0x000000000801059c                HAL_Init
                0x00000000080105d8                HAL_DeInit
                0x0000000008010630                HAL_MspInit
                0x000000000801063e                HAL_MspDeInit
                0x000000000801064c                HAL_InitTick
                0x0000000008010684                HAL_IncTick
                0x00000000080106a0                HAL_GetTick
                0x00000000080106b8                HAL_Delay
                0x00000000080106f2                HAL_SuspendTick
                0x0000000008010710                HAL_ResumeTick
                0x0000000008010730                HAL_GetHalVersion
                0x0000000008010744                HAL_GetREVID
                0x000000000801075c                HAL_GetDEVID
                0x0000000008010778                HAL_DBGMCU_EnableDBGSleepMode
                0x0000000008010798                HAL_DBGMCU_DisableDBGSleepMode
                0x00000000080107b8                HAL_DBGMCU_EnableDBGStopMode
                0x00000000080107d8                HAL_DBGMCU_DisableDBGStopMode
                0x00000000080107f8                HAL_DBGMCU_EnableDBGStandbyMode
                0x0000000008010818                HAL_DBGMCU_DisableDBGStandbyMode
                0x0000000008010838                HAL_EnableCompensationCell
                0x0000000008010850                HAL_DisableCompensationCell
                0x0000000008010868                HAL_GetUID
                0x00000000080108a4                HAL_EnableMemorySwappingBank
                0x00000000080108bc                HAL_DisableMemorySwappingBank
 .text          0x00000000080108d4       0xe8 out/objects/stm32f4xx_hal_msp.o
                0x00000000080108d4                HAL_UART_MspInit
                0x0000000008010978                HAL_UART_MspDeInit
 .text          0x00000000080109bc      0x274 out/objects/stm32f4xx_it.o
                0x0000000008010a0a                exception_int_printf
                0x0000000008010a78                stackDump
                0x0000000008010aec                NMI_Handler
                0x0000000008010afa                CommonFault_Handler
                0x0000000008010b5c                Hard_Fault_Handler
                0x0000000008010bcc                HardFault_Handler
                0x0000000008010be4                MemManage_Handler
                0x0000000008010bea                BusFault_Handler
                0x0000000008010bf0                UsageFault_Handler
                0x0000000008010c04                DebugMon_Handler
 .text          0x0000000008010c30      0x288 out/objects/system_stm32f4xx.o
                0x0000000008010c30                SystemInit
                0x0000000008010c9c                SystemCoreClockUpdate
 .text          0x0000000008010eb8      0xb4c out/objects/stm32f429i_discovery.o
                0x0000000008010eb8                BSP_GetVersion
                0x0000000008010ecc                BSP_LED_Init
                0x0000000008010f74                BSP_LED_On
                0x0000000008010fa8                BSP_LED_Off
                0x0000000008010fdc                BSP_LED_Toggle
                0x000000000801100c                BSP_PB_Init
                0x00000000080110bc                BSP_PB_GetState
                0x00000000080115d0                LCD_IO_Init
                0x00000000080116c0                LCD_IO_WriteData
                0x0000000008011704                LCD_IO_WriteReg
                0x0000000008011748                LCD_IO_ReadData
                0x00000000080117ac                LCD_Delay
                0x00000000080117c2                IOE_Init
                0x00000000080117ce                IOE_ITConfig
                0x00000000080117da                IOE_Write
                0x0000000008011800                IOE_Read
                0x0000000008011826                IOE_WriteMultiple
                0x0000000008011850                IOE_ReadMultiple
                0x000000000801187e                IOE_Delay
                0x0000000008011894                GYRO_IO_Init
                0x000000000801192c                GYRO_IO_Write
                0x0000000008011990                GYRO_IO_Read
 .text          0x0000000008011a04      0x134 ./lib/v7e-m/fpv4-sp/hard/libc.a(lib_a-memcpy.o)
                0x0000000008011a04                memcpy
 *fill*         0x0000000008011b38        0x8 
 .text          0x0000000008011b40       0xdc ./lib/v7e-m/fpv4-sp/hard/libc.a(lib_a-strlen.o)
                0x0000000008011b40                strlen
 *fill*         0x0000000008011c1c        0x4 
 .text          0x0000000008011c20       0xa0 ./lib/v7e-m/fpv4-sp/hard/libc.a(lib_a-memchr.o)
                0x0000000008011c20                memchr
 .text          0x0000000008011cc0      0x370 ./lib/arm-none-eabi/6.3.1/thumb/v7e-m/fpv4-sp/hard/libgcc.a(_arm_addsubdf3.o)
                0x0000000008011cc0                __aeabi_drsub
                0x0000000008011cc8                __aeabi_dsub
                0x0000000008011cc8                __subdf3
                0x0000000008011ccc                __adddf3
                0x0000000008011ccc                __aeabi_dadd
                0x0000000008011f44                __aeabi_ui2d
                0x0000000008011f44                __floatunsidf
                0x0000000008011f64                __floatsidf
                0x0000000008011f64                __aeabi_i2d
                0x0000000008011f88                __extendsfdf2
                0x0000000008011f88                __aeabi_f2d
                0x0000000008011fc4                __aeabi_ul2d
                0x0000000008011fc4                __floatundidf
                0x0000000008011fd4                __floatdidf
                0x0000000008011fd4                __aeabi_l2d
 .text          0x0000000008012030      0x424 ./lib/arm-none-eabi/6.3.1/thumb/v7e-m/fpv4-sp/hard/libgcc.a(_arm_muldivdf3.o)
                0x0000000008012030                __aeabi_dmul
                0x0000000008012030                __muldf3
                0x0000000008012284                __aeabi_ddiv
                0x0000000008012284                __divdf3
 .text          0x0000000008012454      0x110 ./lib/arm-none-eabi/6.3.1/thumb/v7e-m/fpv4-sp/hard/libgcc.a(_arm_cmpdf2.o)
                0x0000000008012454                __gtdf2
                0x0000000008012454                __gedf2
                0x000000000801245c                __ltdf2
                0x000000000801245c                __ledf2
                0x0000000008012464                __cmpdf2
                0x0000000008012464                __eqdf2
                0x0000000008012464                __nedf2
                0x00000000080124e0                __aeabi_cdrcmple
                0x00000000080124f0                __aeabi_cdcmple
                0x00000000080124f0                __aeabi_cdcmpeq
                0x0000000008012500                __aeabi_dcmpeq
                0x0000000008012514                __aeabi_dcmplt
                0x0000000008012528                __aeabi_dcmple
                0x000000000801253c                __aeabi_dcmpge
                0x0000000008012550                __aeabi_dcmpgt
 .text          0x0000000008012564       0x2c ./lib/arm-none-eabi/6.3.1/thumb/v7e-m/fpv4-sp/hard/libgcc.a(_arm_unorddf2.o)
                0x0000000008012564                __aeabi_dcmpun
                0x0000000008012564                __unorddf2
 .text          0x0000000008012590       0x50 ./lib/arm-none-eabi/6.3.1/thumb/v7e-m/fpv4-sp/hard/libgcc.a(_arm_fixdfsi.o)
                0x0000000008012590                __fixdfsi
                0x0000000008012590                __aeabi_d2iz
 .text          0x00000000080125e0       0x30 ./lib/arm-none-eabi/6.3.1/thumb/v7e-m/fpv4-sp/hard/libgcc.a(_aeabi_uldivmod.o)
                0x00000000080125e0                __aeabi_uldivmod
 .text          0x0000000008012610      0x2dc ./lib/arm-none-eabi/6.3.1/thumb/v7e-m/fpv4-sp/hard/libgcc.a(_udivmoddi4.o)
                0x0000000008012610                __udivmoddi4
 .text          0x00000000080128ec        0x4 ./lib/arm-none-eabi/6.3.1/thumb/v7e-m/fpv4-sp/hard/libgcc.a(_dvmd_tls.o)
                0x00000000080128ec                __aeabi_ldiv0
                0x00000000080128ec                __aeabi_idiv0
 *(.text*)
 .text.Reset_Handler
                0x00000000080128f0       0x4c out/objects/startup_stm32f429_439xx.o
                0x00000000080128f0                Reset_Handler
 .text.Default_Handler
                0x000000000801293c        0x2 out/objects/startup_stm32f429_439xx.o
                0x000000000801293c                RTC_Alarm_IRQHandler
                0x000000000801293c                HASH_RNG_IRQHandler
                0x000000000801293c                EXTI2_IRQHandler
                0x000000000801293c                TIM8_CC_IRQHandler
                0x000000000801293c                UART8_IRQHandler
                0x000000000801293c                SPI4_IRQHandler
                0x000000000801293c                TIM1_CC_IRQHandler
                0x000000000801293c                DMA2_Stream5_IRQHandler
                0x000000000801293c                DMA1_Stream5_IRQHandler
                0x000000000801293c                PVD_IRQHandler
                0x000000000801293c                SDIO_IRQHandler
                0x000000000801293c                TAMP_STAMP_IRQHandler
                0x000000000801293c                CAN2_RX1_IRQHandler
                0x000000000801293c                EXTI3_IRQHandler
                0x000000000801293c                TIM8_TRG_COM_TIM14_IRQHandler
                0x000000000801293c                TIM1_UP_TIM10_IRQHandler
                0x000000000801293c                TIM8_UP_TIM13_IRQHandler
                0x000000000801293c                I2C3_ER_IRQHandler
                0x000000000801293c                EXTI0_IRQHandler
                0x000000000801293c                I2C2_EV_IRQHandler
                0x000000000801293c                DMA1_Stream2_IRQHandler
                0x000000000801293c                CAN1_RX0_IRQHandler
                0x000000000801293c                FPU_IRQHandler
                0x000000000801293c                OTG_HS_WKUP_IRQHandler
                0x000000000801293c                LTDC_ER_IRQHandler
                0x000000000801293c                CAN2_SCE_IRQHandler
                0x000000000801293c                DMA2_Stream2_IRQHandler
                0x000000000801293c                SPI1_IRQHandler
                0x000000000801293c                TIM6_DAC_IRQHandler
                0x000000000801293c                TIM1_BRK_TIM9_IRQHandler
                0x000000000801293c                DCMI_IRQHandler
                0x000000000801293c                CAN2_RX0_IRQHandler
                0x000000000801293c                DMA2_Stream3_IRQHandler
                0x000000000801293c                USART6_IRQHandler
                0x000000000801293c                USART3_IRQHandler
                0x000000000801293c                CAN1_RX1_IRQHandler
                0x000000000801293c                UART5_IRQHandler
                0x000000000801293c                DMA2_Stream0_IRQHandler
                0x000000000801293c                TIM4_IRQHandler
                0x000000000801293c                I2C1_EV_IRQHandler
                0x000000000801293c                DMA1_Stream6_IRQHandler
                0x000000000801293c                DMA1_Stream1_IRQHandler
                0x000000000801293c                UART4_IRQHandler
                0x000000000801293c                TIM3_IRQHandler
                0x000000000801293c                RCC_IRQHandler
                0x000000000801293c                TIM8_BRK_TIM12_IRQHandler
                0x000000000801293c                Default_Handler
                0x000000000801293c                EXTI15_10_IRQHandler
                0x000000000801293c                ADC_IRQHandler
                0x000000000801293c                DMA1_Stream7_IRQHandler
                0x000000000801293c                SPI5_IRQHandler
                0x000000000801293c                TIM7_IRQHandler
                0x000000000801293c                CAN2_TX_IRQHandler
                0x000000000801293c                TIM5_IRQHandler
                0x000000000801293c                DMA2_Stream7_IRQHandler
                0x000000000801293c                I2C3_EV_IRQHandler
                0x000000000801293c                EXTI9_5_IRQHandler
                0x000000000801293c                RTC_WKUP_IRQHandler
                0x000000000801293c                LTDC_IRQHandler
                0x000000000801293c                ETH_WKUP_IRQHandler
                0x000000000801293c                SPI2_IRQHandler
                0x000000000801293c                OTG_HS_EP1_IN_IRQHandler
                0x000000000801293c                DMA1_Stream0_IRQHandler
                0x000000000801293c                CAN1_TX_IRQHandler
                0x000000000801293c                EXTI4_IRQHandler
                0x000000000801293c                ETH_IRQHandler
                0x000000000801293c                OTG_HS_EP1_OUT_IRQHandler
                0x000000000801293c                WWDG_IRQHandler
                0x000000000801293c                SPI6_IRQHandler
                0x000000000801293c                TIM2_IRQHandler
                0x000000000801293c                OTG_FS_WKUP_IRQHandler
                0x000000000801293c                TIM1_TRG_COM_TIM11_IRQHandler
                0x000000000801293c                OTG_HS_IRQHandler
                0x000000000801293c                DMA2D_IRQHandler
                0x000000000801293c                EXTI1_IRQHandler
                0x000000000801293c                UART7_IRQHandler
                0x000000000801293c                USART2_IRQHandler
                0x000000000801293c                I2C2_ER_IRQHandler
                0x000000000801293c                DMA2_Stream1_IRQHandler
                0x000000000801293c                CAN1_SCE_IRQHandler
                0x000000000801293c                FLASH_IRQHandler
                0x000000000801293c                DMA2_Stream4_IRQHandler
                0x000000000801293c                USART1_IRQHandler
                0x000000000801293c                OTG_FS_IRQHandler
                0x000000000801293c                SPI3_IRQHandler
                0x000000000801293c                DMA1_Stream4_IRQHandler
                0x000000000801293c                I2C1_ER_IRQHandler
                0x000000000801293c                FMC_IRQHandler
                0x000000000801293c                DMA2_Stream6_IRQHandler
                0x000000000801293c                SAI1_IRQHandler
                0x000000000801293c                DMA1_Stream3_IRQHandler
 *fill*         0x000000000801293e        0x2 
 .text.memset   0x0000000008012940       0x9c ./lib/v7e-m/fpv4-sp/hard/libc.a(lib_a-memset.o)
                0x0000000008012940                memset
 .text._puts_r  0x00000000080129dc       0x9c ./lib/v7e-m/fpv4-sp/hard/libc.a(lib_a-puts.o)
                0x00000000080129dc                _puts_r
 .text.puts     0x0000000008012a78       0x10 ./lib/v7e-m/fpv4-sp/hard/libc.a(lib_a-puts.o)
                0x0000000008012a78                puts
 .text.sprintf  0x0000000008012a88       0x4c ./lib/v7e-m/fpv4-sp/hard/libc.a(lib_a-sprintf.o)
                0x0000000008012a88                sprintf
 .text.strcpy   0x0000000008012ad4       0xbc ./lib/v7e-m/fpv4-sp/hard/libc.a(lib_a-strcpy.o)
                0x0000000008012ad4                strcpy
 .text._svfprintf_r
                0x0000000008012b90     0x1494 ./lib/v7e-m/fpv4-sp/hard/libc.a(lib_a-svfprintf.o)
                0x0000000008012b90                _svfprintf_r
 .text.quorem   0x0000000008014024      0x128 ./lib/v7e-m/fpv4-sp/hard/libc.a(lib_a-dtoa.o)
 *fill*         0x000000000801414c        0x4 
 .text._dtoa_r  0x0000000008014150      0xe4c ./lib/v7e-m/fpv4-sp/hard/libc.a(lib_a-dtoa.o)
                0x0000000008014150                _dtoa_r
 .text._cleanup_r
                0x0000000008014f9c        0xc ./lib/v7e-m/fpv4-sp/hard/libc.a(lib_a-findfp.o)
                0x0000000008014f9c                _cleanup_r
 .text.std.isra.0
                0x0000000008014fa8       0x50 ./lib/v7e-m/fpv4-sp/hard/libc.a(lib_a-findfp.o)
 .text.__sinit  0x0000000008014ff8       0x58 ./lib/v7e-m/fpv4-sp/hard/libc.a(lib_a-findfp.o)
                0x0000000008014ff8                __sinit
 .text.__sfp_lock_acquire
                0x0000000008015050        0xc ./lib/v7e-m/fpv4-sp/hard/libc.a(lib_a-findfp.o)
                0x0000000008015050                __sfp_lock_acquire
 .text.__sfp_lock_release
                0x000000000801505c        0xc ./lib/v7e-m/fpv4-sp/hard/libc.a(lib_a-findfp.o)
                0x000000000801505c                __sfp_lock_release
 .text._malloc_trim_r
                0x0000000008015068       0xa0 ./lib/v7e-m/fpv4-sp/hard/libc.a(lib_a-freer.o)
                0x0000000008015068                _malloc_trim_r
 .text._free_r  0x0000000008015108      0x1cc ./lib/v7e-m/fpv4-sp/hard/libc.a(lib_a-freer.o)
                0x0000000008015108                _free_r
 .text.__sfvwrite_r
                0x00000000080152d4      0x2f0 ./lib/v7e-m/fpv4-sp/hard/libc.a(lib_a-fvwrite.o)
                0x00000000080152d4                __sfvwrite_r
 .text._fwalk_reent
                0x00000000080155c4       0x54 ./lib/v7e-m/fpv4-sp/hard/libc.a(lib_a-fwalk.o)
                0x00000000080155c4                _fwalk_reent
 .text._localeconv_r
                0x0000000008015618       0x1c ./lib/v7e-m/fpv4-sp/hard/libc.a(lib_a-localeconv.o)
                0x0000000008015618                _localeconv_r
 .text.__retarget_lock_init_recursive
                0x0000000008015634        0x4 ./lib/v7e-m/fpv4-sp/hard/libc.a(lib_a-lock.o)
                0x0000000008015634                __retarget_lock_init_recursive
 .text.__retarget_lock_close_recursive
                0x0000000008015638        0x4 ./lib/v7e-m/fpv4-sp/hard/libc.a(lib_a-lock.o)
                0x0000000008015638                __retarget_lock_close_recursive
 .text.__retarget_lock_acquire_recursive
                0x000000000801563c        0x4 ./lib/v7e-m/fpv4-sp/hard/libc.a(lib_a-lock.o)
                0x000000000801563c                __retarget_lock_acquire_recursive
 .text.__retarget_lock_release_recursive
                0x0000000008015640        0x4 ./lib/v7e-m/fpv4-sp/hard/libc.a(lib_a-lock.o)
                0x0000000008015640                __retarget_lock_release_recursive
 .text._malloc_r
                0x0000000008015644      0x560 ./lib/v7e-m/fpv4-sp/hard/libc.a(lib_a-mallocr.o)
                0x0000000008015644                _malloc_r
 .text.memmove  0x0000000008015ba4       0xc8 ./lib/v7e-m/fpv4-sp/hard/libc.a(lib_a-memmove.o)
                0x0000000008015ba4                memmove
 .text.__malloc_lock
                0x0000000008015c6c        0xc ./lib/v7e-m/fpv4-sp/hard/libc.a(lib_a-mlock.o)
                0x0000000008015c6c                __malloc_lock
 .text.__malloc_unlock
                0x0000000008015c78        0xc ./lib/v7e-m/fpv4-sp/hard/libc.a(lib_a-mlock.o)
                0x0000000008015c78                __malloc_unlock
 .text._Balloc  0x0000000008015c84       0x4c ./lib/v7e-m/fpv4-sp/hard/libc.a(lib_a-mprec.o)
                0x0000000008015c84                _Balloc
 .text._Bfree   0x0000000008015cd0       0x14 ./lib/v7e-m/fpv4-sp/hard/libc.a(lib_a-mprec.o)
                0x0000000008015cd0                _Bfree
 .text.__multadd
                0x0000000008015ce4       0x80 ./lib/v7e-m/fpv4-sp/hard/libc.a(lib_a-mprec.o)
                0x0000000008015ce4                __multadd
 .text.__hi0bits
                0x0000000008015d64       0x40 ./lib/v7e-m/fpv4-sp/hard/libc.a(lib_a-mprec.o)
                0x0000000008015d64                __hi0bits
 .text.__lo0bits
                0x0000000008015da4       0x60 ./lib/v7e-m/fpv4-sp/hard/libc.a(lib_a-mprec.o)
                0x0000000008015da4                __lo0bits
 .text.__i2b    0x0000000008015e04       0x14 ./lib/v7e-m/fpv4-sp/hard/libc.a(lib_a-mprec.o)
                0x0000000008015e04                __i2b
 .text.__multiply
                0x0000000008015e18      0x124 ./lib/v7e-m/fpv4-sp/hard/libc.a(lib_a-mprec.o)
                0x0000000008015e18                __multiply
 .text.__pow5mult
                0x0000000008015f3c       0xa0 ./lib/v7e-m/fpv4-sp/hard/libc.a(lib_a-mprec.o)
                0x0000000008015f3c                __pow5mult
 .text.__lshift
                0x0000000008015fdc       0xa4 ./lib/v7e-m/fpv4-sp/hard/libc.a(lib_a-mprec.o)
                0x0000000008015fdc                __lshift
 .text.__mcmp   0x0000000008016080       0x38 ./lib/v7e-m/fpv4-sp/hard/libc.a(lib_a-mprec.o)
                0x0000000008016080                __mcmp
 .text.__mdiff  0x00000000080160b8      0x108 ./lib/v7e-m/fpv4-sp/hard/libc.a(lib_a-mprec.o)
                0x00000000080160b8                __mdiff
 .text.__d2b    0x00000000080161c0       0xbc ./lib/v7e-m/fpv4-sp/hard/libc.a(lib_a-mprec.o)
                0x00000000080161c0                __d2b
 .text._realloc_r
                0x000000000801627c      0x34c ./lib/v7e-m/fpv4-sp/hard/libc.a(lib_a-reallocr.o)
                0x000000000801627c                _realloc_r
 .text.__sread  0x00000000080165c8       0x24 ./lib/v7e-m/fpv4-sp/hard/libc.a(lib_a-stdio.o)
                0x00000000080165c8                __sread
 .text.__swrite
                0x00000000080165ec       0x3c ./lib/v7e-m/fpv4-sp/hard/libc.a(lib_a-stdio.o)
                0x00000000080165ec                __swrite
 .text.__sseek  0x0000000008016628       0x20 ./lib/v7e-m/fpv4-sp/hard/libc.a(lib_a-stdio.o)
                0x0000000008016628                __sseek
 .text.__sclose
                0x0000000008016648        0x8 ./lib/v7e-m/fpv4-sp/hard/libc.a(lib_a-stdio.o)
                0x0000000008016648                __sclose
 .text.__ssprint_r
                0x0000000008016650       0xfc ./lib/v7e-m/fpv4-sp/hard/libc.a(lib_a-svfiprintf.o)
                0x0000000008016650                __ssprint_r
 .text._write_r
                0x000000000801674c       0x2c ./lib/v7e-m/fpv4-sp/hard/libc.a(lib_a-writer.o)
                0x000000000801674c                _write_r
 .text.__swsetup_r
                0x0000000008016778       0xc8 ./lib/v7e-m/fpv4-sp/hard/libc.a(lib_a-wsetup.o)
                0x0000000008016778                __swsetup_r
 .text._calloc_r
                0x0000000008016840       0x60 ./lib/v7e-m/fpv4-sp/hard/libc.a(lib_a-callocr.o)
                0x0000000008016840                _calloc_r
 .text._close_r
                0x00000000080168a0       0x24 ./lib/v7e-m/fpv4-sp/hard/libc.a(lib_a-closer.o)
                0x00000000080168a0                _close_r
 .text._fclose_r
                0x00000000080168c4       0xc4 ./lib/v7e-m/fpv4-sp/hard/libc.a(lib_a-fclose.o)
                0x00000000080168c4                _fclose_r
 .text.__sflush_r
                0x0000000008016988      0x140 ./lib/v7e-m/fpv4-sp/hard/libc.a(lib_a-fflush.o)
                0x0000000008016988                __sflush_r
 .text._fflush_r
                0x0000000008016ac8       0x54 ./lib/v7e-m/fpv4-sp/hard/libc.a(lib_a-fflush.o)
                0x0000000008016ac8                _fflush_r
 .text._lseek_r
                0x0000000008016b1c       0x2c ./lib/v7e-m/fpv4-sp/hard/libc.a(lib_a-lseekr.o)
                0x0000000008016b1c                _lseek_r
 .text.__swhatbuf_r
                0x0000000008016b48       0x5c ./lib/v7e-m/fpv4-sp/hard/libc.a(lib_a-makebuf.o)
                0x0000000008016b48                __swhatbuf_r
 .text.__smakebuf_r
                0x0000000008016ba4       0x94 ./lib/v7e-m/fpv4-sp/hard/libc.a(lib_a-makebuf.o)
                0x0000000008016ba4                __smakebuf_r
 .text.__ascii_mbtowc
                0x0000000008016c38       0x2c ./lib/v7e-m/fpv4-sp/hard/libc.a(lib_a-mbtowc_r.o)
                0x0000000008016c38                __ascii_mbtowc
 .text._read_r  0x0000000008016c64       0x2c ./lib/v7e-m/fpv4-sp/hard/libc.a(lib_a-readr.o)
                0x0000000008016c64                _read_r
 .text.__ascii_wctomb
                0x0000000008016c90       0x1c ./lib/v7e-m/fpv4-sp/hard/libc.a(lib_a-wctomb_r.o)
                0x0000000008016c90                __ascii_wctomb
 .text._fstat_r
                0x0000000008016cac       0x28 ./lib/v7e-m/fpv4-sp/hard/libc.a(lib_a-fstatr.o)
                0x0000000008016cac                _fstat_r
 .text._isatty_r
                0x0000000008016cd4       0x24 ./lib/v7e-m/fpv4-sp/hard/libc.a(lib_a-isattyr.o)
                0x0000000008016cd4                _isatty_r
 *(.glue_7)
 .glue_7        0x0000000008016cf8        0x0 linker stubs
 *(.glue_7t)
 .glue_7t       0x0000000008016cf8        0x0 linker stubs
 *(.eh_frame)
 *(.init)
 *(.fini)
                0x0000000008016cf8                . = ALIGN (0x4)
                0x0000000008016cf8                _etext = .

.vfp11_veneer   0x0000000008016cf8        0x0
 .vfp11_veneer  0x0000000008016cf8        0x0 linker stubs

.v4_bx          0x0000000008016cf8        0x0
 .v4_bx         0x0000000008016cf8        0x0 linker stubs

.iplt           0x0000000008016cf8        0x0
 .iplt          0x0000000008016cf8        0x0 out/objects/syscalls.o

.rodata         0x0000000008016cf8      0x338
                0x0000000008016cf8                . = ALIGN (0x4)
 *(.rodata)
 .rodata        0x0000000008016cf8       0x4f out/objects/main.o
 *fill*         0x0000000008016d47        0x1 
 .rodata        0x0000000008016d48       0x17 out/objects/tasks.o
 *fill*         0x0000000008016d5f        0x1 
 .rodata        0x0000000008016d60        0xd out/objects/timers.o
 *fill*         0x0000000008016d6d        0x3 
 .rodata        0x0000000008016d70        0x8 out/objects/port.o
                0x0000000008016d70                uxTopUsedPriority
 .rodata        0x0000000008016d78        0x8 out/objects/stm32f4xx_hal_dma.o
 .rodata        0x0000000008016d80       0x18 out/objects/system_stm32f4xx.o
                0x0000000008016d80                AHBPrescTable
                0x0000000008016d90                APBPrescTable
 .rodata        0x0000000008016d98        0x9 out/objects/stm32f429i_discovery.o
                0x0000000008016d98                GPIO_PIN
                0x0000000008016d9c                BUTTON_PIN
                0x0000000008016da0                BUTTON_IRQn
 *(.rodata*)
 *fill*         0x0000000008016da1        0x3 
 .rodata._puts_r.str1.4
                0x0000000008016da4        0x2 ./lib/v7e-m/fpv4-sp/hard/libc.a(lib_a-puts.o)
 *fill*         0x0000000008016da6        0x2 
 .rodata._svfprintf_r.str1.4
                0x0000000008016da8       0x42 ./lib/v7e-m/fpv4-sp/hard/libc.a(lib_a-svfprintf.o)
 *fill*         0x0000000008016dea        0x2 
 .rodata.blanks.8346
                0x0000000008016dec       0x10 ./lib/v7e-m/fpv4-sp/hard/libc.a(lib_a-svfprintf.o)
 .rodata.zeroes.8347
                0x0000000008016dfc       0x10 ./lib/v7e-m/fpv4-sp/hard/libc.a(lib_a-svfprintf.o)
 .rodata._dtoa_r.str1.4
                0x0000000008016e0c       0x10 ./lib/v7e-m/fpv4-sp/hard/libc.a(lib_a-dtoa.o)
                                         0x12 (size before relaxing)
 *fill*         0x0000000008016e1c        0x4 
 .rodata.__mprec_bigtens
                0x0000000008016e20       0x28 ./lib/v7e-m/fpv4-sp/hard/libc.a(lib_a-mprec.o)
                0x0000000008016e20                __mprec_bigtens
 .rodata.__mprec_tens
                0x0000000008016e48       0xc8 ./lib/v7e-m/fpv4-sp/hard/libc.a(lib_a-mprec.o)
                0x0000000008016e48                __mprec_tens
 .rodata.p05.7178
                0x0000000008016f10        0xc ./lib/v7e-m/fpv4-sp/hard/libc.a(lib_a-mprec.o)
 .rodata._setlocale_r.str1.4
                0x0000000008016f1c        0xa ./lib/v7e-m/fpv4-sp/hard/libc.a(lib_a-locale.o)
                                          0xd (size before relaxing)
 *fill*         0x0000000008016f26        0x2 
 .rodata.str1.4
                0x0000000008016f28        0x4 ./lib/v7e-m/fpv4-sp/hard/libc.a(lib_a-locale.o)
                                          0x2 (size before relaxing)
 .rodata._ctype_
                0x0000000008016f2c      0x101 ./lib/v7e-m/fpv4-sp/hard/libc.a(lib_a-ctype_.o)
                0x0000000008016f2c                _ctype_
                0x0000000008017030                . = ALIGN (0x4)
 *fill*         0x000000000801702d        0x3 

.ARM.extab
 *(.ARM.extab* .gnu.linkonce.armextab.*)

.ARM            0x0000000008017030        0x8
                0x0000000008017030                __exidx_start = .
 *(.ARM.exidx*)
 .ARM.exidx     0x0000000008017030        0x8 ./lib/arm-none-eabi/6.3.1/thumb/v7e-m/fpv4-sp/hard/libgcc.a(_udivmoddi4.o)
                0x0000000008017038                __exidx_end = .

.rel.dyn        0x0000000008017038        0x0
 .rel.iplt      0x0000000008017038        0x0 out/objects/syscalls.o

.preinit_array  0x0000000008017038        0x0
                [!provide]                        PROVIDE (__preinit_array_start = .)
 *(.preinit_array*)
                [!provide]                        PROVIDE (__preinit_array_end = .)

.init_array     0x0000000008017038        0x0
                [!provide]                        PROVIDE (__init_array_start = .)
 *(SORT_BY_NAME(.init_array.*))
 *(.init_array*)
                [!provide]                        PROVIDE (__init_array_end = .)

.fini_array     0x0000000008017038        0x0
                [!provide]                        PROVIDE (__fini_array_start = .)
 *(SORT_BY_NAME(.fini_array.*))
 *(.fini_array*)
                [!provide]                        PROVIDE (__fini_array_end = .)
                0x0000000008017038                _sidata = LOADADDR (.data)

.data           0x0000000020000000      0x9cc load address 0x0000000008017038
                0x0000000020000000                . = ALIGN (0x4)
                0x0000000020000000                _sdata = .
 *(.data)
 .data          0x0000000020000000        0x4 out/objects/port.o
 .data          0x0000000020000004        0x4 out/objects/stm32f4xx_it.o
                0x0000000020000004                pTaskContext
 .data          0x0000000020000008        0x4 out/objects/system_stm32f4xx.o
                0x0000000020000008                SystemCoreClock
 .data          0x000000002000000c       0x14 out/objects/stm32f429i_discovery.o
                0x000000002000000c                GPIO_PORT
                0x0000000020000014                BUTTON_PORT
                0x0000000020000018                I2cxTimeout
                0x000000002000001c                SpixTimeout
 *(.data*)
 .data._impure_ptr
                0x0000000020000020        0x4 ./lib/v7e-m/fpv4-sp/hard/libc.a(lib_a-impure.o)
                0x0000000020000020                _impure_ptr
 *fill*         0x0000000020000024        0x4 
 .data.impure_data
                0x0000000020000028      0x428 ./lib/v7e-m/fpv4-sp/hard/libc.a(lib_a-impure.o)
 .data.__malloc_av_
                0x0000000020000450      0x408 ./lib/v7e-m/fpv4-sp/hard/libc.a(lib_a-mallocr.o)
                0x0000000020000450                __malloc_av_
 .data.__malloc_sbrk_base
                0x0000000020000858        0x4 ./lib/v7e-m/fpv4-sp/hard/libc.a(lib_a-mallocr.o)
                0x0000000020000858                __malloc_sbrk_base
 .data.__malloc_trim_threshold
                0x000000002000085c        0x4 ./lib/v7e-m/fpv4-sp/hard/libc.a(lib_a-mallocr.o)
                0x000000002000085c                __malloc_trim_threshold
 .data.__global_locale
                0x0000000020000860      0x16c ./lib/v7e-m/fpv4-sp/hard/libc.a(lib_a-locale.o)
                0x0000000020000860                __global_locale
                0x00000000200009cc                . = ALIGN (0x4)
                0x00000000200009cc                _edata = .
                0x0000000008017a04                _siccmram = LOADADDR (.ccmram)

.igot.plt       0x00000000200009cc        0x0 load address 0x0000000008017a04
 .igot.plt      0x00000000200009cc        0x0 out/objects/syscalls.o

.ccmram         0x0000000010000000        0x0 load address 0x0000000008017a04
                0x0000000010000000                . = ALIGN (0x4)
                0x0000000010000000                _sccmram = .
 *(.ccmram)
 *(.ccmram*)
                0x0000000010000000                . = ALIGN (0x4)
                0x0000000010000000                _eccmram = .
                0x0000000010000000                . = ALIGN (0x4)

.bss            0x00000000200009cc     0x7c40
                0x00000000200009cc                _sbss = .
                0x00000000200009cc                __bss_start__ = _sbss
 *(.bss)
 .bss           0x00000000200009cc        0x4 out/objects/syscalls.o
 .bss           0x00000000200009d0        0x8 out/objects/main.o
 .bss           0x00000000200009d8      0x100 out/objects/tasks.o
                0x00000000200009d8                pxCurrentTCB
 .bss           0x0000000020000ad8       0x38 out/objects/timers.o
 .bss           0x0000000020000b10        0x8 out/objects/port.o
 .bss           0x0000000020000b18     0x7818 out/objects/heap_4.o
 .bss           0x0000000020008330       0xd8 out/objects/stm32f4xx_it.o
 .bss           0x0000000020008408       0x59 out/objects/stm32f429i_discovery.o
 *(.bss*)
 *fill*         0x0000000020008461        0x3 
 .bss.__malloc_current_mallinfo
                0x0000000020008464       0x28 ./lib/v7e-m/fpv4-sp/hard/libc.a(lib_a-mallocr.o)
                0x0000000020008464                __malloc_current_mallinfo
 .bss.__malloc_max_sbrked_mem
                0x000000002000848c        0x4 ./lib/v7e-m/fpv4-sp/hard/libc.a(lib_a-mallocr.o)
                0x000000002000848c                __malloc_max_sbrked_mem
 .bss.__malloc_max_total_mem
                0x0000000020008490        0x4 ./lib/v7e-m/fpv4-sp/hard/libc.a(lib_a-mallocr.o)
                0x0000000020008490                __malloc_max_total_mem
 .bss.__malloc_top_pad
                0x0000000020008494        0x4 ./lib/v7e-m/fpv4-sp/hard/libc.a(lib_a-mallocr.o)
                0x0000000020008494                __malloc_top_pad
 *(COMMON)
 COMMON         0x0000000020008498       0xb1 out/objects/main.o
                0x0000000020008498                UartHandle
                0x00000000200084d8                aRxBuffer
 *fill*         0x0000000020008549        0x3 
 COMMON         0x000000002000854c       0x40 out/objects/queue.o
                0x000000002000854c                xQueueRegistry
 COMMON         0x000000002000858c        0x4 out/objects/stm32f4xx_hal.o
                0x000000002000858c                uwTick
 COMMON         0x0000000020008590       0x54 out/objects/stm32f429i_discovery.o
                0x0000000020008590                I2cHandle
 COMMON         0x00000000200085e4        0x4 ./lib/v7e-m/fpv4-sp/hard/libc.a(lib_a-reent.o)
                0x00000000200085e4                errno
 COMMON         0x00000000200085e8       0x21 ./lib/v7e-m/fpv4-sp/hard/libc.a(lib_a-lock.o)
                0x00000000200085e8                __lock___atexit_recursive_mutex
                0x00000000200085ec                __lock___arc4random_mutex
                0x00000000200085f0                __lock___env_recursive_mutex
                0x00000000200085f4                __lock___sinit_recursive_mutex
                0x00000000200085f8                __lock___malloc_recursive_mutex
                0x00000000200085fc                __lock___at_quick_exit_mutex
                0x0000000020008600                __lock___dd_hash_mutex
                0x0000000020008604                __lock___tz_mutex
                0x0000000020008608                __lock___sfp_recursive_mutex
                0x000000002000860c                . = ALIGN (0x4)
 *fill*         0x0000000020008609        0x3 
                0x000000002000860c                _ebss = .
                0x000000002000860c                __bss_end__ = _ebss

._user_heap_stack
                0x000000002000860c      0x600
                0x000000002000860c                . = ALIGN (0x4)
                0x000000002000860c                PROVIDE (end = .)
                [!provide]                        PROVIDE (_end = .)
                0x000000002000880c                . = (. + _Min_Heap_Size)
 *fill*         0x000000002000860c      0x200 
                0x0000000020008c0c                . = (. + _Min_Stack_Size)
 *fill*         0x000000002000880c      0x400 
                0x0000000020008c0c                . = ALIGN (0x4)

/DISCARD/
 libc.a(*)
 libm.a(*)
 libgcc.a(*)

.ARM.attributes
                0x0000000000000000       0x37
 *(.ARM.attributes)
 .ARM.attributes
                0x0000000000000000       0x39 out/objects/syscalls.o
 .ARM.attributes
                0x0000000000000039       0x39 out/objects/main.o
 .ARM.attributes
                0x0000000000000072       0x39 out/objects/list.o
 .ARM.attributes
                0x00000000000000ab       0x39 out/objects/queue.o
 .ARM.attributes
                0x00000000000000e4       0x39 out/objects/tasks.o
 .ARM.attributes
                0x000000000000011d       0x39 out/objects/timers.o
 .ARM.attributes
                0x0000000000000156       0x39 out/objects/port.o
 .ARM.attributes
                0x000000000000018f       0x39 out/objects/heap_4.o
 .ARM.attributes
                0x00000000000001c8       0x39 out/objects/stm32f4xx_hal_spi.o
 .ARM.attributes
                0x0000000000000201       0x39 out/objects/stm32f4xx_hal_gpio.o
 .ARM.attributes
                0x000000000000023a       0x39 out/objects/stm32f4xx_hal_uart.o
 .ARM.attributes
                0x0000000000000273       0x39 out/objects/stm32f4xx_hal_dma.o
 .ARM.attributes
                0x00000000000002ac       0x39 out/objects/stm32f4xx_hal_i2c.o
 .ARM.attributes
                0x00000000000002e5       0x39 out/objects/stm32f4xx_hal_rcc.o
 .ARM.attributes
                0x000000000000031e       0x39 out/objects/stm32f4xx_hal_pwr_ex.o
 .ARM.attributes
                0x0000000000000357       0x39 out/objects/stm32f4xx_hal_cortex.o
 .ARM.attributes
                0x0000000000000390       0x39 out/objects/stm32f4xx_hal.o
 .ARM.attributes
                0x00000000000003c9       0x39 out/objects/stm32f4xx_hal_msp.o
 .ARM.attributes
                0x0000000000000402       0x39 out/objects/stm32f4xx_it.o
 .ARM.attributes
                0x000000000000043b       0x39 out/objects/system_stm32f4xx.o
 .ARM.attributes
                0x0000000000000474       0x39 out/objects/stm32f429i_discovery.o
 .ARM.attributes
                0x00000000000004ad       0x21 out/objects/startup_stm32f429_439xx.o
 .ARM.attributes
                0x00000000000004ce       0x20 ./lib/v7e-m/fpv4-sp/hard/libc.a(lib_a-memcpy.o)
 .ARM.attributes
                0x00000000000004ee       0x34 ./lib/v7e-m/fpv4-sp/hard/libc.a(lib_a-memset.o)
 .ARM.attributes
                0x0000000000000522       0x34 ./lib/v7e-m/fpv4-sp/hard/libc.a(lib_a-puts.o)
 .ARM.attributes
                0x0000000000000556       0x34 ./lib/v7e-m/fpv4-sp/hard/libc.a(lib_a-reent.o)
 .ARM.attributes
                0x000000000000058a       0x34 ./lib/v7e-m/fpv4-sp/hard/libc.a(lib_a-sprintf.o)
 .ARM.attributes
                0x00000000000005be       0x34 ./lib/v7e-m/fpv4-sp/hard/libc.a(lib_a-strcpy.o)
 .ARM.attributes
                0x00000000000005f2       0x20 ./lib/v7e-m/fpv4-sp/hard/libc.a(lib_a-strlen.o)
 .ARM.attributes
                0x0000000000000612       0x34 ./lib/v7e-m/fpv4-sp/hard/libc.a(lib_a-svfprintf.o)
 .ARM.attributes
                0x0000000000000646       0x34 ./lib/v7e-m/fpv4-sp/hard/libc.a(lib_a-dtoa.o)
 .ARM.attributes
                0x000000000000067a       0x34 ./lib/v7e-m/fpv4-sp/hard/libc.a(lib_a-findfp.o)
 .ARM.attributes
                0x00000000000006ae       0x34 ./lib/v7e-m/fpv4-sp/hard/libc.a(lib_a-freer.o)
 .ARM.attributes
                0x00000000000006e2       0x34 ./lib/v7e-m/fpv4-sp/hard/libc.a(lib_a-fvwrite.o)
 .ARM.attributes
                0x0000000000000716       0x34 ./lib/v7e-m/fpv4-sp/hard/libc.a(lib_a-fwalk.o)
 .ARM.attributes
                0x000000000000074a       0x34 ./lib/v7e-m/fpv4-sp/hard/libc.a(lib_a-impure.o)
 .ARM.attributes
                0x000000000000077e       0x34 ./lib/v7e-m/fpv4-sp/hard/libc.a(lib_a-localeconv.o)
 .ARM.attributes
                0x00000000000007b2       0x34 ./lib/v7e-m/fpv4-sp/hard/libc.a(lib_a-lock.o)
 .ARM.attributes
                0x00000000000007e6       0x34 ./lib/v7e-m/fpv4-sp/hard/libc.a(lib_a-mallocr.o)
 .ARM.attributes
                0x000000000000081a       0x20 ./lib/v7e-m/fpv4-sp/hard/libc.a(lib_a-memchr.o)
 .ARM.attributes
                0x000000000000083a       0x34 ./lib/v7e-m/fpv4-sp/hard/libc.a(lib_a-memmove.o)
 .ARM.attributes
                0x000000000000086e       0x34 ./lib/v7e-m/fpv4-sp/hard/libc.a(lib_a-mlock.o)
 .ARM.attributes
                0x00000000000008a2       0x34 ./lib/v7e-m/fpv4-sp/hard/libc.a(lib_a-mprec.o)
 .ARM.attributes
                0x00000000000008d6       0x34 ./lib/v7e-m/fpv4-sp/hard/libc.a(lib_a-reallocr.o)
 .ARM.attributes
                0x000000000000090a       0x34 ./lib/v7e-m/fpv4-sp/hard/libc.a(lib_a-stdio.o)
 .ARM.attributes
                0x000000000000093e       0x34 ./lib/v7e-m/fpv4-sp/hard/libc.a(lib_a-svfiprintf.o)
 .ARM.attributes
                0x0000000000000972       0x34 ./lib/v7e-m/fpv4-sp/hard/libc.a(lib_a-writer.o)
 .ARM.attributes
                0x00000000000009a6       0x34 ./lib/v7e-m/fpv4-sp/hard/libc.a(lib_a-wsetup.o)
 .ARM.attributes
                0x00000000000009da       0x34 ./lib/v7e-m/fpv4-sp/hard/libc.a(lib_a-callocr.o)
 .ARM.attributes
                0x0000000000000a0e       0x34 ./lib/v7e-m/fpv4-sp/hard/libc.a(lib_a-closer.o)
 .ARM.attributes
                0x0000000000000a42       0x34 ./lib/v7e-m/fpv4-sp/hard/libc.a(lib_a-fclose.o)
 .ARM.attributes
                0x0000000000000a76       0x34 ./lib/v7e-m/fpv4-sp/hard/libc.a(lib_a-fflush.o)
 .ARM.attributes
                0x0000000000000aaa       0x34 ./lib/v7e-m/fpv4-sp/hard/libc.a(lib_a-locale.o)
 .ARM.attributes
                0x0000000000000ade       0x34 ./lib/v7e-m/fpv4-sp/hard/libc.a(lib_a-lseekr.o)
 .ARM.attributes
                0x0000000000000b12       0x34 ./lib/v7e-m/fpv4-sp/hard/libc.a(lib_a-makebuf.o)
 .ARM.attributes
                0x0000000000000b46       0x34 ./lib/v7e-m/fpv4-sp/hard/libc.a(lib_a-mbtowc_r.o)
 .ARM.attributes
                0x0000000000000b7a       0x34 ./lib/v7e-m/fpv4-sp/hard/libc.a(lib_a-readr.o)
 .ARM.attributes
                0x0000000000000bae       0x34 ./lib/v7e-m/fpv4-sp/hard/libc.a(lib_a-wctomb_r.o)
 .ARM.attributes
                0x0000000000000be2       0x34 ./lib/v7e-m/fpv4-sp/hard/libc.a(lib_a-ctype_.o)
 .ARM.attributes
                0x0000000000000c16       0x34 ./lib/v7e-m/fpv4-sp/hard/libc.a(lib_a-fstatr.o)
 .ARM.attributes
                0x0000000000000c4a       0x34 ./lib/v7e-m/fpv4-sp/hard/libc.a(lib_a-isattyr.o)
 .ARM.attributes
                0x0000000000000c7e       0x22 ./lib/arm-none-eabi/6.3.1/thumb/v7e-m/fpv4-sp/hard/libgcc.a(_arm_addsubdf3.o)
 .ARM.attributes
                0x0000000000000ca0       0x22 ./lib/arm-none-eabi/6.3.1/thumb/v7e-m/fpv4-sp/hard/libgcc.a(_arm_muldivdf3.o)
 .ARM.attributes
                0x0000000000000cc2       0x22 ./lib/arm-none-eabi/6.3.1/thumb/v7e-m/fpv4-sp/hard/libgcc.a(_arm_cmpdf2.o)
 .ARM.attributes
                0x0000000000000ce4       0x22 ./lib/arm-none-eabi/6.3.1/thumb/v7e-m/fpv4-sp/hard/libgcc.a(_arm_unorddf2.o)
 .ARM.attributes
                0x0000000000000d06       0x22 ./lib/arm-none-eabi/6.3.1/thumb/v7e-m/fpv4-sp/hard/libgcc.a(_arm_fixdfsi.o)
 .ARM.attributes
                0x0000000000000d28       0x22 ./lib/arm-none-eabi/6.3.1/thumb/v7e-m/fpv4-sp/hard/libgcc.a(_aeabi_uldivmod.o)
 .ARM.attributes
                0x0000000000000d4a       0x34 ./lib/arm-none-eabi/6.3.1/thumb/v7e-m/fpv4-sp/hard/libgcc.a(_udivmoddi4.o)
 .ARM.attributes
                0x0000000000000d7e       0x22 ./lib/arm-none-eabi/6.3.1/thumb/v7e-m/fpv4-sp/hard/libgcc.a(_dvmd_tls.o)
OUTPUT(out/HAL_demo.elf elf32-littlearm)

.debug_info     0x0000000000000000    0x1a76d
 .debug_info    0x0000000000000000     0x1433 out/objects/syscalls.o
 .debug_info    0x0000000000001433     0x12dc out/objects/main.o
 .debug_info    0x000000000000270f      0xacc out/objects/list.o
 .debug_info    0x00000000000031db     0x1a88 out/objects/queue.o
 .debug_info    0x0000000000004c63     0x25ec out/objects/tasks.o
 .debug_info    0x000000000000724f     0x1229 out/objects/timers.o
 .debug_info    0x0000000000008478      0x547 out/objects/port.o
 .debug_info    0x00000000000089bf      0xbf6 out/objects/heap_4.o
 .debug_info    0x00000000000095b5     0x1e46 out/objects/stm32f4xx_hal_spi.o
 .debug_info    0x000000000000b3fb      0xf9c out/objects/stm32f4xx_hal_gpio.o
 .debug_info    0x000000000000c397     0x19eb out/objects/stm32f4xx_hal_uart.o
 .debug_info    0x000000000000dd82     0x1132 out/objects/stm32f4xx_hal_dma.o
 .debug_info    0x000000000000eeb4     0x28a0 out/objects/stm32f4xx_hal_i2c.o
 .debug_info    0x0000000000011754     0x10b8 out/objects/stm32f4xx_hal_rcc.o
 .debug_info    0x000000000001280c      0xf4d out/objects/stm32f4xx_hal_pwr_ex.o
 .debug_info    0x0000000000013759     0x1623 out/objects/stm32f4xx_hal_cortex.o
 .debug_info    0x0000000000014d7c     0x10e7 out/objects/stm32f4xx_hal.o
 .debug_info    0x0000000000015e63     0x10f3 out/objects/stm32f4xx_hal_msp.o
 .debug_info    0x0000000000016f56      0x9df out/objects/stm32f4xx_it.o
 .debug_info    0x0000000000017935      0xe2d out/objects/system_stm32f4xx.o
 .debug_info    0x0000000000018762     0x200b out/objects/stm32f429i_discovery.o

.debug_abbrev   0x0000000000000000     0x3952
 .debug_abbrev  0x0000000000000000      0x2b6 out/objects/syscalls.o
 .debug_abbrev  0x00000000000002b6      0x2b4 out/objects/main.o
 .debug_abbrev  0x000000000000056a      0x1fb out/objects/list.o
 .debug_abbrev  0x0000000000000765      0x2ff out/objects/queue.o
 .debug_abbrev  0x0000000000000a64      0x394 out/objects/tasks.o
 .debug_abbrev  0x0000000000000df8      0x2c4 out/objects/timers.o
 .debug_abbrev  0x00000000000010bc      0x1f9 out/objects/port.o
 .debug_abbrev  0x00000000000012b5      0x2d1 out/objects/heap_4.o
 .debug_abbrev  0x0000000000001586      0x2e6 out/objects/stm32f4xx_hal_spi.o
 .debug_abbrev  0x000000000000186c      0x286 out/objects/stm32f4xx_hal_gpio.o
 .debug_abbrev  0x0000000000001af2      0x2f7 out/objects/stm32f4xx_hal_uart.o
 .debug_abbrev  0x0000000000001de9      0x2c0 out/objects/stm32f4xx_hal_dma.o
 .debug_abbrev  0x00000000000020a9      0x2db out/objects/stm32f4xx_hal_i2c.o
 .debug_abbrev  0x0000000000002384      0x302 out/objects/stm32f4xx_hal_rcc.o
 .debug_abbrev  0x0000000000002686      0x2ad out/objects/stm32f4xx_hal_pwr_ex.o
 .debug_abbrev  0x0000000000002933      0x39c out/objects/stm32f4xx_hal_cortex.o
 .debug_abbrev  0x0000000000002ccf      0x2ba out/objects/stm32f4xx_hal.o
 .debug_abbrev  0x0000000000002f89      0x223 out/objects/stm32f4xx_hal_msp.o
 .debug_abbrev  0x00000000000031ac      0x258 out/objects/stm32f4xx_it.o
 .debug_abbrev  0x0000000000003404      0x23d out/objects/system_stm32f4xx.o
 .debug_abbrev  0x0000000000003641      0x311 out/objects/stm32f429i_discovery.o

.debug_aranges  0x0000000000000000      0x2a0
 .debug_aranges
                0x0000000000000000       0x20 out/objects/syscalls.o
 .debug_aranges
                0x0000000000000020       0x20 out/objects/main.o
 .debug_aranges
                0x0000000000000040       0x20 out/objects/list.o
 .debug_aranges
                0x0000000000000060       0x20 out/objects/queue.o
 .debug_aranges
                0x0000000000000080       0x20 out/objects/tasks.o
 .debug_aranges
                0x00000000000000a0       0x20 out/objects/timers.o
 .debug_aranges
                0x00000000000000c0       0x20 out/objects/port.o
 .debug_aranges
                0x00000000000000e0       0x20 out/objects/heap_4.o
 .debug_aranges
                0x0000000000000100       0x20 out/objects/stm32f4xx_hal_spi.o
 .debug_aranges
                0x0000000000000120       0x20 out/objects/stm32f4xx_hal_gpio.o
 .debug_aranges
                0x0000000000000140       0x20 out/objects/stm32f4xx_hal_uart.o
 .debug_aranges
                0x0000000000000160       0x20 out/objects/stm32f4xx_hal_dma.o
 .debug_aranges
                0x0000000000000180       0x20 out/objects/stm32f4xx_hal_i2c.o
 .debug_aranges
                0x00000000000001a0       0x20 out/objects/stm32f4xx_hal_rcc.o
 .debug_aranges
                0x00000000000001c0       0x20 out/objects/stm32f4xx_hal_pwr_ex.o
 .debug_aranges
                0x00000000000001e0       0x20 out/objects/stm32f4xx_hal_cortex.o
 .debug_aranges
                0x0000000000000200       0x20 out/objects/stm32f4xx_hal.o
 .debug_aranges
                0x0000000000000220       0x20 out/objects/stm32f4xx_hal_msp.o
 .debug_aranges
                0x0000000000000240       0x20 out/objects/stm32f4xx_it.o
 .debug_aranges
                0x0000000000000260       0x20 out/objects/system_stm32f4xx.o
 .debug_aranges
                0x0000000000000280       0x20 out/objects/stm32f429i_discovery.o

.debug_line     0x0000000000000000     0x75c4
 .debug_line    0x0000000000000000      0x3e1 out/objects/syscalls.o
 .debug_line    0x00000000000003e1      0x431 out/objects/main.o
 .debug_line    0x0000000000000812      0x352 out/objects/list.o
 .debug_line    0x0000000000000b64      0x93e out/objects/queue.o
 .debug_line    0x00000000000014a2      0xc79 out/objects/tasks.o
 .debug_line    0x000000000000211b      0x51e out/objects/timers.o
 .debug_line    0x0000000000002639      0x32e out/objects/port.o
 .debug_line    0x0000000000002967      0x3f8 out/objects/heap_4.o
 .debug_line    0x0000000000002d5f      0xa2f out/objects/stm32f4xx_hal_spi.o
 .debug_line    0x000000000000378e      0x483 out/objects/stm32f4xx_hal_gpio.o
 .debug_line    0x0000000000003c11      0x907 out/objects/stm32f4xx_hal_uart.o
 .debug_line    0x0000000000004518      0x4ee out/objects/stm32f4xx_hal_dma.o
 .debug_line    0x0000000000004a06      0xf1e out/objects/stm32f4xx_hal_i2c.o
 .debug_line    0x0000000000005924      0x49c out/objects/stm32f4xx_hal_rcc.o
 .debug_line    0x0000000000005dc0      0x365 out/objects/stm32f4xx_hal_pwr_ex.o
 .debug_line    0x0000000000006125      0x42e out/objects/stm32f4xx_hal_cortex.o
 .debug_line    0x0000000000006553      0x33e out/objects/stm32f4xx_hal.o
 .debug_line    0x0000000000006891      0x317 out/objects/stm32f4xx_hal_msp.o
 .debug_line    0x0000000000006ba8      0x262 out/objects/stm32f4xx_it.o
 .debug_line    0x0000000000006e0a      0x307 out/objects/system_stm32f4xx.o
 .debug_line    0x0000000000007111      0x4b3 out/objects/stm32f429i_discovery.o

.debug_str      0x0000000000000000     0x578f
 .debug_str     0x0000000000000000      0xb58 out/objects/syscalls.o
                                        0xc99 (size before relaxing)
 .debug_str     0x0000000000000b58      0x31e out/objects/main.o
                                        0xd40 (size before relaxing)
 .debug_str     0x0000000000000e76      0x19e out/objects/list.o
                                        0x6f6 (size before relaxing)
 .debug_str     0x0000000000001014      0x563 out/objects/queue.o
                                        0xc1e (size before relaxing)
 .debug_str     0x0000000000001577      0xb8b out/objects/tasks.o
                                       0x1377 (size before relaxing)
 .debug_str     0x0000000000002102      0x3c4 out/objects/timers.o
                                        0xae4 (size before relaxing)
 .debug_str     0x00000000000024c6      0x1f8 out/objects/port.o
                                        0x485 (size before relaxing)
 .debug_str     0x00000000000026be      0x1cd out/objects/heap_4.o
                                        0x7c0 (size before relaxing)
 .debug_str     0x000000000000288b      0x71d out/objects/stm32f4xx_hal_spi.o
                                        0xfd8 (size before relaxing)
 .debug_str     0x0000000000002fa8      0x1a6 out/objects/stm32f4xx_hal_gpio.o
                                        0x92d (size before relaxing)
 .debug_str     0x000000000000314e      0x4f4 out/objects/stm32f4xx_hal_uart.o
                                        0xfb6 (size before relaxing)
 .debug_str     0x0000000000003642      0x2ee out/objects/stm32f4xx_hal_dma.o
                                        0xb94 (size before relaxing)
 .debug_str     0x0000000000003930      0x9e5 out/objects/stm32f4xx_hal_i2c.o
                                       0x1311 (size before relaxing)
 .debug_str     0x0000000000004315      0x1c8 out/objects/stm32f4xx_hal_rcc.o
                                        0xac0 (size before relaxing)
 .debug_str     0x00000000000044dd      0x190 out/objects/stm32f4xx_hal_pwr_ex.o
                                        0x918 (size before relaxing)
 .debug_str     0x000000000000466d      0x903 out/objects/stm32f4xx_hal_cortex.o
                                       0x10a8 (size before relaxing)
 .debug_str     0x0000000000004f70      0x22a out/objects/stm32f4xx_hal.o
                                        0xf24 (size before relaxing)
 .debug_str     0x000000000000519a       0x7d out/objects/stm32f4xx_hal_msp.o
                                        0xbaf (size before relaxing)
 .debug_str     0x0000000000005217      0x15d out/objects/stm32f4xx_it.o
                                        0x466 (size before relaxing)
 .debug_str     0x0000000000005374       0x67 out/objects/system_stm32f4xx.o
                                        0x809 (size before relaxing)
 .debug_str     0x00000000000053db      0x3b4 out/objects/stm32f429i_discovery.o
                                       0x174d (size before relaxing)

.comment        0x0000000000000000       0x7f
 .comment       0x0000000000000000       0x7f out/objects/syscalls.o
                                         0x80 (size before relaxing)
 .comment       0x000000000000007f       0x80 out/objects/main.o
 .comment       0x000000000000007f       0x80 out/objects/list.o
 .comment       0x000000000000007f       0x80 out/objects/queue.o
 .comment       0x000000000000007f       0x80 out/objects/tasks.o
 .comment       0x000000000000007f       0x80 out/objects/timers.o
 .comment       0x000000000000007f       0x80 out/objects/port.o
 .comment       0x000000000000007f       0x80 out/objects/heap_4.o
 .comment       0x000000000000007f       0x80 out/objects/stm32f4xx_hal_spi.o
 .comment       0x000000000000007f       0x80 out/objects/stm32f4xx_hal_gpio.o
 .comment       0x000000000000007f       0x80 out/objects/stm32f4xx_hal_uart.o
 .comment       0x000000000000007f       0x80 out/objects/stm32f4xx_hal_dma.o
 .comment       0x000000000000007f       0x80 out/objects/stm32f4xx_hal_i2c.o
 .comment       0x000000000000007f       0x80 out/objects/stm32f4xx_hal_rcc.o
 .comment       0x000000000000007f       0x80 out/objects/stm32f4xx_hal_pwr_ex.o
 .comment       0x000000000000007f       0x80 out/objects/stm32f4xx_hal_cortex.o
 .comment       0x000000000000007f       0x80 out/objects/stm32f4xx_hal.o
 .comment       0x000000000000007f       0x80 out/objects/stm32f4xx_hal_msp.o
 .comment       0x000000000000007f       0x80 out/objects/stm32f4xx_it.o
 .comment       0x000000000000007f       0x80 out/objects/system_stm32f4xx.o
 .comment       0x000000000000007f       0x80 out/objects/stm32f429i_discovery.o

.debug_frame    0x0000000000000000     0x582c
 .debug_frame   0x0000000000000000      0x2e8 out/objects/syscalls.o
 .debug_frame   0x00000000000002e8      0x120 out/objects/main.o
 .debug_frame   0x0000000000000408       0xd8 out/objects/list.o
 .debug_frame   0x00000000000004e0      0x44c out/objects/queue.o
 .debug_frame   0x000000000000092c      0x818 out/objects/tasks.o
 .debug_frame   0x0000000000001144      0x25c out/objects/timers.o
 .debug_frame   0x00000000000013a0      0x19c out/objects/port.o
 .debug_frame   0x000000000000153c      0x108 out/objects/heap_4.o
 .debug_frame   0x0000000000001644      0x894 out/objects/stm32f4xx_hal_spi.o
 .debug_frame   0x0000000000001ed8      0x14c out/objects/stm32f4xx_hal_gpio.o
 .debug_frame   0x0000000000002024      0x83c out/objects/stm32f4xx_hal_uart.o
 .debug_frame   0x0000000000002860      0x250 out/objects/stm32f4xx_hal_dma.o
 .debug_frame   0x0000000000002ab0      0xb30 out/objects/stm32f4xx_hal_i2c.o
 .debug_frame   0x00000000000035e0      0x1f0 out/objects/stm32f4xx_hal_rcc.o
 .debug_frame   0x00000000000037d0      0x14c out/objects/stm32f4xx_hal_pwr_ex.o
 .debug_frame   0x000000000000391c      0x498 out/objects/stm32f4xx_hal_cortex.o
 .debug_frame   0x0000000000003db4      0x318 out/objects/stm32f4xx_hal.o
 .debug_frame   0x00000000000040cc       0x58 out/objects/stm32f4xx_hal_msp.o
 .debug_frame   0x0000000000004124      0x1c4 out/objects/stm32f4xx_it.o
 .debug_frame   0x00000000000042e8       0x7c out/objects/system_stm32f4xx.o
 .debug_frame   0x0000000000004364      0x4ec out/objects/stm32f429i_discovery.o
 .debug_frame   0x0000000000004850       0x34 ./lib/v7e-m/fpv4-sp/hard/libc.a(lib_a-memset.o)
 .debug_frame   0x0000000000004884       0x4c ./lib/v7e-m/fpv4-sp/hard/libc.a(lib_a-puts.o)
 .debug_frame   0x00000000000048d0       0x58 ./lib/v7e-m/fpv4-sp/hard/libc.a(lib_a-reent.o)
 .debug_frame   0x0000000000004928       0x84 ./lib/v7e-m/fpv4-sp/hard/libc.a(lib_a-sprintf.o)
 .debug_frame   0x00000000000049ac       0x20 ./lib/v7e-m/fpv4-sp/hard/libc.a(lib_a-strcpy.o)
 .debug_frame   0x00000000000049cc       0x40 ./lib/v7e-m/fpv4-sp/hard/libc.a(lib_a-svfprintf.o)
 .debug_frame   0x0000000000004a0c       0x88 ./lib/v7e-m/fpv4-sp/hard/libc.a(lib_a-dtoa.o)
 .debug_frame   0x0000000000004a94      0x148 ./lib/v7e-m/fpv4-sp/hard/libc.a(lib_a-findfp.o)
 .debug_frame   0x0000000000004bdc       0x74 ./lib/v7e-m/fpv4-sp/hard/libc.a(lib_a-freer.o)
 .debug_frame   0x0000000000004c50       0x68 ./lib/v7e-m/fpv4-sp/hard/libc.a(lib_a-fvwrite.o)
 .debug_frame   0x0000000000004cb8       0x54 ./lib/v7e-m/fpv4-sp/hard/libc.a(lib_a-fwalk.o)
 .debug_frame   0x0000000000004d0c       0x40 ./lib/v7e-m/fpv4-sp/hard/libc.a(lib_a-localeconv.o)
 .debug_frame   0x0000000000004d4c       0xb0 ./lib/v7e-m/fpv4-sp/hard/libc.a(lib_a-lock.o)
 .debug_frame   0x0000000000004dfc       0x58 ./lib/v7e-m/fpv4-sp/hard/libc.a(lib_a-mallocr.o)
 .debug_frame   0x0000000000004e54       0x30 ./lib/v7e-m/fpv4-sp/hard/libc.a(lib_a-memmove.o)
 .debug_frame   0x0000000000004e84       0x30 ./lib/v7e-m/fpv4-sp/hard/libc.a(lib_a-mlock.o)
 .debug_frame   0x0000000000004eb4      0x25c ./lib/v7e-m/fpv4-sp/hard/libc.a(lib_a-mprec.o)
 .debug_frame   0x0000000000005110       0x68 ./lib/v7e-m/fpv4-sp/hard/libc.a(lib_a-reallocr.o)
 .debug_frame   0x0000000000005178       0x88 ./lib/v7e-m/fpv4-sp/hard/libc.a(lib_a-stdio.o)
 .debug_frame   0x0000000000005200       0x78 ./lib/v7e-m/fpv4-sp/hard/libc.a(lib_a-svfiprintf.o)
 .debug_frame   0x0000000000005278       0x2c ./lib/v7e-m/fpv4-sp/hard/libc.a(lib_a-writer.o)
 .debug_frame   0x00000000000052a4       0x2c ./lib/v7e-m/fpv4-sp/hard/libc.a(lib_a-wsetup.o)
 .debug_frame   0x00000000000052d0       0x28 ./lib/v7e-m/fpv4-sp/hard/libc.a(lib_a-callocr.o)
 .debug_frame   0x00000000000052f8       0x2c ./lib/v7e-m/fpv4-sp/hard/libc.a(lib_a-closer.o)
 .debug_frame   0x0000000000005324       0x3c ./lib/v7e-m/fpv4-sp/hard/libc.a(lib_a-fclose.o)
 .debug_frame   0x0000000000005360       0x5c ./lib/v7e-m/fpv4-sp/hard/libc.a(lib_a-fflush.o)
 .debug_frame   0x00000000000053bc       0x6c ./lib/v7e-m/fpv4-sp/hard/libc.a(lib_a-locale.o)
 .debug_frame   0x0000000000005428       0x2c ./lib/v7e-m/fpv4-sp/hard/libc.a(lib_a-lseekr.o)
 .debug_frame   0x0000000000005454       0x68 ./lib/v7e-m/fpv4-sp/hard/libc.a(lib_a-makebuf.o)
 .debug_frame   0x00000000000054bc       0x4c ./lib/v7e-m/fpv4-sp/hard/libc.a(lib_a-mbtowc_r.o)
 .debug_frame   0x0000000000005508       0x2c ./lib/v7e-m/fpv4-sp/hard/libc.a(lib_a-readr.o)
 .debug_frame   0x0000000000005534       0x3c ./lib/v7e-m/fpv4-sp/hard/libc.a(lib_a-wctomb_r.o)
 .debug_frame   0x0000000000005570       0x2c ./lib/v7e-m/fpv4-sp/hard/libc.a(lib_a-fstatr.o)
 .debug_frame   0x000000000000559c       0x2c ./lib/v7e-m/fpv4-sp/hard/libc.a(lib_a-isattyr.o)
 .debug_frame   0x00000000000055c8       0xac ./lib/arm-none-eabi/6.3.1/thumb/v7e-m/fpv4-sp/hard/libgcc.a(_arm_addsubdf3.o)
 .debug_frame   0x0000000000005674       0x50 ./lib/arm-none-eabi/6.3.1/thumb/v7e-m/fpv4-sp/hard/libgcc.a(_arm_muldivdf3.o)
 .debug_frame   0x00000000000056c4       0xc4 ./lib/arm-none-eabi/6.3.1/thumb/v7e-m/fpv4-sp/hard/libgcc.a(_arm_cmpdf2.o)
 .debug_frame   0x0000000000005788       0x20 ./lib/arm-none-eabi/6.3.1/thumb/v7e-m/fpv4-sp/hard/libgcc.a(_arm_unorddf2.o)
 .debug_frame   0x00000000000057a8       0x24 ./lib/arm-none-eabi/6.3.1/thumb/v7e-m/fpv4-sp/hard/libgcc.a(_arm_fixdfsi.o)
 .debug_frame   0x00000000000057cc       0x2c ./lib/arm-none-eabi/6.3.1/thumb/v7e-m/fpv4-sp/hard/libgcc.a(_aeabi_uldivmod.o)
 .debug_frame   0x00000000000057f8       0x34 ./lib/arm-none-eabi/6.3.1/thumb/v7e-m/fpv4-sp/hard/libgcc.a(_udivmoddi4.o)
